Component: ARM Compiler 5.05 update 2 (build 169) Tool: armlink [4d0f33]

==============================================================================

Section Cross References

    freertos.o(i.MX_FREERTOS_Init) refers to rt_memcpy_w.o(.text) for __aeabi_memcpy4
    freertos.o(i.MX_FREERTOS_Init) refers to cmsis_os.o(i.osThreadCreate) for osThreadCreate
    freertos.o(i.MX_FREERTOS_Init) refers to freertos.o(.constdata) for .constdata
    freertos.o(i.MX_FREERTOS_Init) refers to freertos.o(.data) for .data
    freertos.o(i.StartDefaultTask) refers to stm32f4xx_hal.o(i.HAL_Delay) for HAL_Delay
    freertos.o(i.StartDefaultTask) refers to cmsis_os.o(i.osDelay) for osDelay
    freertos.o(.constdata) refers to freertos.o(.conststring) for .conststring
    freertos.o(.constdata) refers to freertos.o(i.StartDefaultTask) for StartDefaultTask
    freertos.o(.constdata) refers to chassis.o(i.chassis_task) for chassis_task
    freertos.o(.constdata) refers to gimbal.o(i.gimbal_task) for gimbal_task
    freertos.o(.constdata) refers to kb.o(i.key_mouse_task) for key_mouse_task
    freertos.o(.constdata) refers to ahrs.o(i.AHRS_GetAttitude) for AHRS_GetAttitude
    freertos.o(.constdata) refers to bt.o(i.deal_info_date) for deal_info_date
    stm32f4xx_hal_msp.o(i.HAL_MspInit) refers to stm32f4xx_hal_cortex.o(i.HAL_NVIC_SetPriorityGrouping) for HAL_NVIC_SetPriorityGrouping
    stm32f4xx_hal_msp.o(i.HAL_MspInit) refers to stm32f4xx_hal_cortex.o(i.HAL_NVIC_SetPriority) for HAL_NVIC_SetPriority
    stm32f4xx_it.o(i.CAN1_RX0_IRQHandler) refers to stm32f4xx_hal_can.o(i.HAL_CAN_IRQHandler) for HAL_CAN_IRQHandler
    stm32f4xx_it.o(i.CAN1_RX0_IRQHandler) refers to can.o(.bss) for hcan1
    stm32f4xx_it.o(i.CAN1_TX_IRQHandler) refers to stm32f4xx_hal_can.o(i.HAL_CAN_IRQHandler) for HAL_CAN_IRQHandler
    stm32f4xx_it.o(i.CAN1_TX_IRQHandler) refers to can.o(.bss) for hcan1
    stm32f4xx_it.o(i.CAN2_RX0_IRQHandler) refers to stm32f4xx_hal_can.o(i.HAL_CAN_IRQHandler) for HAL_CAN_IRQHandler
    stm32f4xx_it.o(i.CAN2_RX0_IRQHandler) refers to can.o(.bss) for hcan2
    stm32f4xx_it.o(i.CAN2_TX_IRQHandler) refers to stm32f4xx_hal_can.o(i.HAL_CAN_IRQHandler) for HAL_CAN_IRQHandler
    stm32f4xx_it.o(i.CAN2_TX_IRQHandler) refers to can.o(.bss) for hcan2
    stm32f4xx_it.o(i.DMA1_Stream1_IRQHandler) refers to stm32f4xx_hal_dma.o(i.HAL_DMA_IRQHandler) for HAL_DMA_IRQHandler
    stm32f4xx_it.o(i.DMA1_Stream1_IRQHandler) refers to usart.o(.bss) for hdma_usart3_rx
    stm32f4xx_it.o(i.DMA1_Stream5_IRQHandler) refers to stm32f4xx_hal_dma.o(i.HAL_DMA_IRQHandler) for HAL_DMA_IRQHandler
    stm32f4xx_it.o(i.DMA1_Stream5_IRQHandler) refers to usart.o(.bss) for hdma_usart2_rx
    stm32f4xx_it.o(i.DMA2_Stream1_IRQHandler) refers to stm32f4xx_hal_dma.o(i.HAL_DMA_IRQHandler) for HAL_DMA_IRQHandler
    stm32f4xx_it.o(i.DMA2_Stream1_IRQHandler) refers to usart.o(.bss) for hdma_usart6_rx
    stm32f4xx_it.o(i.DMA2_Stream2_IRQHandler) refers to stm32f4xx_hal_dma.o(i.HAL_DMA_IRQHandler) for HAL_DMA_IRQHandler
    stm32f4xx_it.o(i.DMA2_Stream2_IRQHandler) refers to usart.o(.bss) for hdma_usart1_rx
    stm32f4xx_it.o(i.SysTick_Handler) refers to cmsis_os.o(i.osSystickHandler) for osSystickHandler
    stm32f4xx_it.o(i.TIM6_DAC_IRQHandler) refers to stm32f4xx_hal_tim.o(i.HAL_TIM_IRQHandler) for HAL_TIM_IRQHandler
    stm32f4xx_it.o(i.TIM6_DAC_IRQHandler) refers to stm32f4xx_hal_timebase_tim.o(.bss) for htim6
    stm32f4xx_it.o(i.USART1_IRQHandler) refers to bt.o(i.LanggoUartFrameIRQHandler) for LanggoUartFrameIRQHandler
    stm32f4xx_it.o(i.USART1_IRQHandler) refers to stm32f4xx_hal_uart.o(i.HAL_UART_IRQHandler) for HAL_UART_IRQHandler
    stm32f4xx_it.o(i.USART1_IRQHandler) refers to usart.o(.bss) for huart1
    stm32f4xx_it.o(i.USART2_IRQHandler) refers to bt.o(i.LanggoUartFrameIRQHandler) for LanggoUartFrameIRQHandler
    stm32f4xx_it.o(i.USART2_IRQHandler) refers to stm32f4xx_hal_uart.o(i.HAL_UART_IRQHandler) for HAL_UART_IRQHandler
    stm32f4xx_it.o(i.USART2_IRQHandler) refers to usart.o(.bss) for huart2
    stm32f4xx_it.o(i.USART3_IRQHandler) refers to bt.o(i.LanggoUartFrameIRQHandler) for LanggoUartFrameIRQHandler
    stm32f4xx_it.o(i.USART3_IRQHandler) refers to stm32f4xx_hal_uart.o(i.HAL_UART_IRQHandler) for HAL_UART_IRQHandler
    stm32f4xx_it.o(i.USART3_IRQHandler) refers to usart.o(.bss) for huart3
    stm32f4xx_it.o(i.USART6_IRQHandler) refers to bt.o(i.LanggoUartFrameIRQHandler) for LanggoUartFrameIRQHandler
    stm32f4xx_it.o(i.USART6_IRQHandler) refers to stm32f4xx_hal_uart.o(i.HAL_UART_IRQHandler) for HAL_UART_IRQHandler
    stm32f4xx_it.o(i.USART6_IRQHandler) refers to usart.o(.bss) for huart6
    stm32f4xx_hal_timebase_tim.o(i.HAL_InitTick) refers to stm32f4xx_hal_cortex.o(i.HAL_NVIC_SetPriority) for HAL_NVIC_SetPriority
    stm32f4xx_hal_timebase_tim.o(i.HAL_InitTick) refers to stm32f4xx_hal_cortex.o(i.HAL_NVIC_EnableIRQ) for HAL_NVIC_EnableIRQ
[...]
    RTC_Alarm_IRQHandler                     0x08000363   Thumb Code     0  startup_stm32f427xx.o(.text)
    RTC_WKUP_IRQHandler                      0x08000363   Thumb Code     0  startup_stm32f427xx.o(.text)
    SAI1_IRQHandler                          0x08000363   Thumb Code     0  startup_stm32f427xx.o(.text)
    SDIO_IRQHandler                          0x08000363   Thumb Code     0  startup_stm32f427xx.o(.text)
    SPI1_IRQHandler                          0x08000363   Thumb Code     0  startup_stm32f427xx.o(.text)
    SPI2_IRQHandler                          0x08000363   Thumb Code     0  startup_stm32f427xx.o(.text)
    SPI3_IRQHandler                          0x08000363   Thumb Code     0  startup_stm32f427xx.o(.text)
    SPI4_IRQHandler                          0x08000363   Thumb Code     0  startup_stm32f427xx.o(.text)
    SPI5_IRQHandler                          0x08000363   Thumb Code     0  startup_stm32f427xx.o(.text)
    SPI6_IRQHandler                          0x08000363   Thumb Code     0  startup_stm32f427xx.o(.text)
    TAMP_STAMP_IRQHandler                    0x08000363   Thumb Code     0  startup_stm32f427xx.o(.text)
    TIM1_BRK_TIM9_IRQHandler                 0x08000363   Thumb Code     0  startup_stm32f427xx.o(.text)
    TIM1_CC_IRQHandler                       0x08000363   Thumb Code     0  startup_stm32f427xx.o(.text)
    TIM1_TRG_COM_TIM11_IRQHandler            0x08000363   Thumb Code     0  startup_stm32f427xx.o(.text)
    TIM1_UP_TIM10_IRQHandler                 0x08000363   Thumb Code     0  startup_stm32f427xx.o(.text)
    TIM2_IRQHandler                          0x08000363   Thumb Code     0  startup_stm32f427xx.o(.text)
    TIM3_IRQHandler                          0x08000363   Thumb Code     0  startup_stm32f427xx.o(.text)
    TIM4_IRQHandler                          0x08000363   Thumb Code     0  startup_stm32f427xx.o(.text)
    TIM5_IRQHandler                          0x08000363   Thumb Code     0  startup_stm32f427xx.o(.text)
    TIM7_IRQHandler                          0x08000363   Thumb Code     0  startup_stm32f427xx.o(.text)
    TIM8_BRK_TIM12_IRQHandler                0x08000363   Thumb Code     0  startup_stm32f427xx.o(.text)
    TIM8_CC_IRQHandler                       0x08000363   Thumb Code     0  startup_stm32f427xx.o(.text)
    TIM8_TRG_COM_TIM14_IRQHandler            0x08000363   Thumb Code     0  startup_stm32f427xx.o(.text)
    TIM8_UP_TIM13_IRQHandler                 0x08000363   Thumb Code     0  startup_stm32f427xx.o(.text)
    UART4_IRQHandler                         0x08000363   Thumb Code     0  startup_stm32f427xx.o(.text)
    UART5_IRQHandler                         0x08000363   Thumb Code     0  startup_stm32f427xx.o(.text)
    UART7_IRQHandler                         0x08000363   Thumb Code     0  startup_stm32f427xx.o(.text)
    UART8_IRQHandler                         0x08000363   Thumb Code     0  startup_stm32f427xx.o(.text)
    WWDG_IRQHandler                          0x08000363   Thumb Code     0  startup_stm32f427xx.o(.text)
    __user_initial_stackheap                 0x08000365   Thumb Code     0  startup_stm32f427xx.o(.text)
    __aeabi_memcpy                           0x08000389   Thumb Code     0  rt_memcpy_v6.o(.text)
    __rt_memcpy                              0x08000389   Thumb Code   138  rt_memcpy_v6.o(.text)
    _memcpy_lastbytes                        0x080003ef   Thumb Code     0  rt_memcpy_v6.o(.text)
    __aeabi_memcpy4                          0x08000413   Thumb Code     0  rt_memcpy_w.o(.text)
    __aeabi_memcpy8                          0x08000413   Thumb Code     0  rt_memcpy_w.o(.text)
    __rt_memcpy_w                            0x08000413   Thumb Code   100  rt_memcpy_w.o(.text)
    _memcpy_lastbytes_aligned                0x0800045b   Thumb Code     0  rt_memcpy_w.o(.text)
    __aeabi_memset                           0x08000477   Thumb Code    16  aeabi_memset.o(.text)
    __aeabi_memclr4                          0x08000487   Thumb Code     0  rt_memclr_w.o(.text)
    __aeabi_memclr8                          0x08000487   Thumb Code     0  rt_memclr_w.o(.text)
    __rt_memclr_w                            0x08000487   Thumb Code    78  rt_memclr_w.o(.text)
    _memset_w                                0x0800048b   Thumb Code     0  rt_memclr_w.o(.text)
    __use_two_region_memory                  0x080004d5   Thumb Code     2  heapauxi.o(.text)
    __rt_heap_escrow$2region                 0x080004d7   Thumb Code     2  heapauxi.o(.text)
    __rt_heap_expand$2region                 0x080004d9   Thumb Code     2  heapauxi.o(.text)
    __read_errno                             0x080004db   Thumb Code    10  _rserrno.o(.text)
    __set_errno                              0x080004e5   Thumb Code    12  _rserrno.o(.text)
    __aeabi_memclr                           0x080004f1   Thumb Code     0  rt_memclr.o(.text)
    __rt_memclr                              0x080004f1   Thumb Code    68  rt_memclr.o(.text)
    _memset                                  0x080004f5   Thumb Code     0  rt_memclr.o(.text)
    __aeabi_errno_addr                       0x08000535   Thumb Code     8  rt_errno_addr_intlibspace.o(.text)
    __errno$intlibspace                      0x08000535   Thumb Code     0  rt_errno_addr_intlibspace.o(.text)
    __rt_errno_addr$intlibspace              0x08000535   Thumb Code     0  rt_errno_addr_intlibspace.o(.text)
    __user_libspace                          0x0800053d   Thumb Code     8  libspace.o(.text)
    __user_perproc_libspace                  0x0800053d   Thumb Code     0  libspace.o(.text)
    __user_perthread_libspace                0x0800053d   Thumb Code     0  libspace.o(.text)
    __user_setup_stackheap                   0x08000545   Thumb Code    74  sys_stackheap_outer.o(.text)
    exit                                     0x0800058f   Thumb Code    12  exit.o(.text)
    _sys_exit                                0x0800059d   Thumb Code     8  sys_exit.o(.text)
    __I$use$semihosting                      0x080005a9   Thumb Code     0  use_no_semi.o(.text)
    __use_no_semihosting_swi                 0x080005a9   Thumb Code     2  use_no_semi.o(.text)
    __semihosting_library_function           0x080005ab   Thumb Code     0  indicate_semi.o(.text)
    AHRS_GetAttitude                         0x080005ad   Thumb Code   626  ahrs.o(i.AHRS_GetAttitude)
    AUTO_buff_shot                           0x08000c4d   Thumb Code   918  gimbal.o(i.AUTO_buff_shot)
    AppParamReadFromFlash                    0x08001001   Thumb Code    10  calibrate.o(i.AppParamReadFromFlash)
    AppParamSave2Flash                       0x08001015   Thumb Code     8  calibrate.o(i.AppParamSave2Flash)
    BSP_FLASH_Write                          0x08001021   Thumb Code    78  bsp_flash.o(i.BSP_FLASH_Write)
    BusFault_Handler                         0x0800107d   Thumb Code     2  stm32f4xx_it.o(i.BusFault_Handler)
    CAN1_RX0_IRQHandler                      0x08001081   Thumb Code     6  stm32f4xx_it.o(i.CAN1_RX0_IRQHandler)
    CAN1_TX_IRQHandler                       0x0800108d   Thumb Code     6  stm32f4xx_it.o(i.CAN1_TX_IRQHandler)
    CAN2_RX0_IRQHandler                      0x08001099   Thumb Code     6  stm32f4xx_it.o(i.CAN2_RX0_IRQHandler)
    CAN2_TX_IRQHandler                       0x080010a5   Thumb Code     6  stm32f4xx_it.o(i.CAN2_TX_IRQHandler)
    CalibrateHook                            0x08001239   Thumb Code    38  calibrate.o(i.CalibrateHook)
    DMA1_Stream1_IRQHandler                  0x0800126d   Thumb Code     6  stm32f4xx_it.o(i.DMA1_Stream1_IRQHandler)
    DMA1_Stream5_IRQHandler                  0x08001279   Thumb Code     6  stm32f4xx_it.o(i.DMA1_Stream5_IRQHandler)
    DMA2_Stream1_IRQHandler                  0x08001285   Thumb Code     6  stm32f4xx_it.o(i.DMA2_Stream1_IRQHandler)
    DMA2_Stream2_IRQHandler                  0x08001291   Thumb Code     6  stm32f4xx_it.o(i.DMA2_Stream2_IRQHandler)
    DebugMon_Handler                         0x08001341   Thumb Code     2  stm32f4xx_it.o(i.DebugMon_Handler)
    Dma_Callback_RC_Handle                   0x08001343   Thumb Code   144  bt.o(i.Dma_Callback_RC_Handle)
    Error_Handler                            0x080013d3   Thumb Code     2  main.o(i.Error_Handler)
    FLASH_Erase_Sector                       0x080013d5   Thumb Code    90  stm32f4xx_hal_flash_ex.o(i.FLASH_Erase_Sector)
    FLASH_FlushCaches                        0x08001435   Thumb Code    80  stm32f4xx_hal_flash_ex.o(i.FLASH_FlushCaches)
    FLASH_WaitForLastOperation               0x080015e1   Thumb Code    80  stm32f4xx_hal_flash.o(i.FLASH_WaitForLastOperation)
    HAL_CAN_ConfigFilter                     0x080017b5   Thumb Code   218  stm32f4xx_hal_can.o(i.HAL_CAN_ConfigFilter)
    HAL_CAN_ErrorCallback                    0x08001899   Thumb Code     2  stm32f4xx_hal_can.o(i.HAL_CAN_ErrorCallback)
    HAL_CAN_IRQHandler                       0x0800189d   Thumb Code   370  stm32f4xx_hal_can.o(i.HAL_CAN_IRQHandler)
    HAL_CAN_Init                             0x08001a1d   Thumb Code   328  stm32f4xx_hal_can.o(i.HAL_CAN_Init)
    HAL_CAN_MspInit                          0x08001b65   Thumb Code   200  can.o(i.HAL_CAN_MspInit)
    HAL_CAN_Receive_IT                       0x08001c45   Thumb Code   134  stm32f4xx_hal_can.o(i.HAL_CAN_Receive_IT)
    HAL_CAN_RxCpltCallback                   0x08001ccd   Thumb Code   236  bsp_can.o(i.HAL_CAN_RxCpltCallback)
    HAL_CAN_Transmit                         0x08001dd5   Thumb Code   390  stm32f4xx_hal_can.o(i.HAL_CAN_Transmit)
    HAL_CAN_TxCpltCallback                   0x08001f69   Thumb Code     2  stm32f4xx_hal_can.o(i.HAL_CAN_TxCpltCallback)
    HAL_DMA_Abort_IT                         0x08001f6b   Thumb Code    36  stm32f4xx_hal_dma.o(i.HAL_DMA_Abort_IT)
    HAL_DMA_IRQHandler                       0x08001f91   Thumb Code   414  stm32f4xx_hal_dma.o(i.HAL_DMA_IRQHandler)
    HAL_DMA_Init                             0x08002139   Thumb Code   202  stm32f4xx_hal_dma.o(i.HAL_DMA_Init)
    HAL_DMA_Start                            0x08002209   Thumb Code    70  stm32f4xx_hal_dma.o(i.HAL_DMA_Start)
    HAL_Delay                                0x0800224f   Thumb Code    22  stm32f4xx_hal.o(i.HAL_Delay)
    HAL_FLASHEx_Erase                        0x08002265   Thumb Code   146  stm32f4xx_hal_flash_ex.o(i.HAL_FLASHEx_Erase)
    HAL_FLASH_Lock                           0x08002301   Thumb Code    14  stm32f4xx_hal_flash.o(i.HAL_FLASH_Lock)
    HAL_FLASH_Program                        0x08002315   Thumb Code   116  stm32f4xx_hal_flash.o(i.HAL_FLASH_Program)
    HAL_FLASH_Unlock                         0x08002391   Thumb Code    28  stm32f4xx_hal_flash.o(i.HAL_FLASH_Unlock)
    HAL_GPIO_Init                            0x080023b9   Thumb Code   408  stm32f4xx_hal_gpio.o(i.HAL_GPIO_Init)
    HAL_GPIO_WritePin                        0x08002585   Thumb Code    10  stm32f4xx_hal_gpio.o(i.HAL_GPIO_WritePin)
    HAL_GetTick                              0x08002591   Thumb Code     6  stm32f4xx_hal.o(i.HAL_GetTick)
    HAL_IncTick                              0x0800259d   Thumb Code    10  stm32f4xx_hal.o(i.HAL_IncTick)
    HAL_Init                                 0x080025ad   Thumb Code    48  stm32f4xx_hal.o(i.HAL_Init)
    HAL_InitTick                             0x080025e1   Thumb Code   100  stm32f4xx_hal_timebase_tim.o(i.HAL_InitTick)
    HAL_MspInit                              0x08002655   Thumb Code    88  stm32f4xx_hal_msp.o(i.HAL_MspInit)
    HAL_NVIC_EnableIRQ                       0x080026ad   Thumb Code    22  stm32f4xx_hal_cortex.o(i.HAL_NVIC_EnableIRQ)
    HAL_NVIC_SetPriority                     0x080026c5   Thumb Code    60  stm32f4xx_hal_cortex.o(i.HAL_NVIC_SetPriority)
    HAL_NVIC_SetPriorityGrouping             0x08002705   Thumb Code    26  stm32f4xx_hal_cortex.o(i.HAL_NVIC_SetPriorityGrouping)
    HAL_NVIC_SystemReset                     0x08002729   Thumb Code    26  stm32f4xx_hal_cortex.o(i.HAL_NVIC_SystemReset)
    HAL_PWREx_EnableOverDrive                0x0800274d   Thumb Code   126  stm32f4xx_hal_pwr_ex.o(i.HAL_PWREx_EnableOverDrive)
    HAL_RCC_ClockConfig                      0x080027d9   Thumb Code   364  stm32f4xx_hal_rcc.o(i.HAL_RCC_ClockConfig)
    HAL_RCC_GetClockConfig                   0x08002955   Thumb Code    54  stm32f4xx_hal_rcc.o(i.HAL_RCC_GetClockConfig)
    HAL_RCC_GetHCLKFreq                      0x08002995   Thumb Code     6  stm32f4xx_hal_rcc.o(i.HAL_RCC_GetHCLKFreq)
    HAL_RCC_GetPCLK1Freq                     0x080029a1   Thumb Code    34  stm32f4xx_hal_rcc.o(i.HAL_RCC_GetPCLK1Freq)
    HAL_RCC_GetPCLK2Freq                     0x080029d1   Thumb Code    34  stm32f4xx_hal_rcc.o(i.HAL_RCC_GetPCLK2Freq)
    HAL_RCC_GetSysClockFreq                  0x08002a01   Thumb Code   104  stm32f4xx_hal_rcc.o(i.HAL_RCC_GetSysClockFreq)
    HAL_RCC_OscConfig                        0x08002a75   Thumb Code   722  stm32f4xx_hal_rcc.o(i.HAL_RCC_OscConfig)
    HAL_SPI_Init                             0x08002d59   Thumb Code   128  stm32f4xx_hal_spi.o(i.HAL_SPI_Init)
    HAL_SPI_MspInit                          0x08002dd9   Thumb Code    64  spi.o(i.HAL_SPI_MspInit)
    HAL_SPI_TransmitReceive                  0x08002e25   Thumb Code   472  stm32f4xx_hal_spi.o(i.HAL_SPI_TransmitReceive)
    HAL_SYSTICK_CLKSourceConfig              0x08002ffd   Thumb Code    24  stm32f4xx_hal_cortex.o(i.HAL_SYSTICK_CLKSourceConfig)
    HAL_SYSTICK_Config                       0x08003015   Thumb Code    40  stm32f4xx_hal_cortex.o(i.HAL_SYSTICK_Config)
    HAL_TIMEx_BreakCallback                  0x0800303d   Thumb Code     2  stm32f4xx_hal_tim_ex.o(i.HAL_TIMEx_BreakCallback)
    HAL_TIMEx_CommutationCallback            0x0800303f   Thumb Code     2  stm32f4xx_hal_tim_ex.o(i.HAL_TIMEx_CommutationCallback)
    HAL_TIMEx_ConfigBreakDeadTime            0x08003041   Thumb Code    66  stm32f4xx_hal_tim_ex.o(i.HAL_TIMEx_ConfigBreakDeadTime)
    HAL_TIMEx_MasterConfigSynchronization    0x08003083   Thumb Code    80  stm32f4xx_hal_tim_ex.o(i.HAL_TIMEx_MasterConfigSynchronization)
    HAL_TIM_Base_Init                        0x080030d3   Thumb Code    54  stm32f4xx_hal_tim.o(i.HAL_TIM_Base_Init)
    HAL_TIM_Base_MspInit                     0x08003109   Thumb Code     2  stm32f4xx_hal_tim.o(i.HAL_TIM_Base_MspInit)
    HAL_TIM_Base_Start_IT                    0x0800310b   Thumb Code    24  stm32f4xx_hal_tim.o(i.HAL_TIM_Base_Start_IT)
    HAL_TIM_IC_CaptureCallback               0x08003123   Thumb Code     2  stm32f4xx_hal_tim.o(i.HAL_TIM_IC_CaptureCallback)
    HAL_TIM_IRQHandler                       0x08003125   Thumb Code   358  stm32f4xx_hal_tim.o(i.HAL_TIM_IRQHandler)
    HAL_TIM_MspPostInit                      0x0800328d   Thumb Code   240  tim.o(i.HAL_TIM_MspPostInit)
    HAL_TIM_OC_DelayElapsedCallback          0x080033ad   Thumb Code     2  stm32f4xx_hal_tim.o(i.HAL_TIM_OC_DelayElapsedCallback)
    HAL_TIM_PWM_ConfigChannel                0x080033af   Thumb Code   208  stm32f4xx_hal_tim.o(i.HAL_TIM_PWM_ConfigChannel)
    HAL_TIM_PWM_Init                         0x0800347f   Thumb Code    54  stm32f4xx_hal_tim.o(i.HAL_TIM_PWM_Init)
    HAL_TIM_PWM_MspInit                      0x080034b5   Thumb Code   158  tim.o(i.HAL_TIM_PWM_MspInit)
    HAL_TIM_PWM_PulseFinishedCallback        0x08003571   Thumb Code     2  stm32f4xx_hal_tim.o(i.HAL_TIM_PWM_PulseFinishedCallback)
    HAL_TIM_PWM_Start                        0x08003575   Thumb Code    48  stm32f4xx_hal_tim.o(i.HAL_TIM_PWM_Start)
    HAL_TIM_PeriodElapsedCallback            0x080035ad   Thumb Code    14  main.o(i.HAL_TIM_PeriodElapsedCallback)
    HAL_TIM_TriggerCallback                  0x080035c1   Thumb Code     2  stm32f4xx_hal_tim.o(i.HAL_TIM_TriggerCallback)
    HAL_UART_ErrorCallback                   0x080035c3   Thumb Code     2  stm32f4xx_hal_uart.o(i.HAL_UART_ErrorCallback)
    HAL_UART_IRQHandler                      0x080035c5   Thumb Code   266  stm32f4xx_hal_uart.o(i.HAL_UART_IRQHandler)
    HAL_UART_Init                            0x080036d5   Thumb Code    98  stm32f4xx_hal_uart.o(i.HAL_UART_Init)
    HAL_UART_MspInit                         0x08003739   Thumb Code   554  usart.o(i.HAL_UART_MspInit)
    HAL_UART_RxCpltCallback                  0x08003995   Thumb Code     2  stm32f4xx_hal_uart.o(i.HAL_UART_RxCpltCallback)
    HAL_UART_Transmit                        0x08003997   Thumb Code   186  stm32f4xx_hal_uart.o(i.HAL_UART_Transmit)
    HAL_UART_TxCpltCallback                  0x08003a51   Thumb Code     2  stm32f4xx_hal_uart.o(i.HAL_UART_TxCpltCallback)
    HardFault_Handler                        0x08003a53   Thumb Code     2  stm32f4xx_it.o(i.HardFault_Handler)
    KeyStateMachine                          0x08003a55   Thumb Code    46  kb.o(i.KeyStateMachine)
    LanggoUartFrameIRQHandler                0x08003a85   Thumb Code   442  bt.o(i.LanggoUartFrameIRQHandler)
    MPU6050_DataSave                         0x08003c75   Thumb Code   278  mpu.o(i.MPU6050_DataSave)
    MPU_Set_Accel_Fsr                        0x08003d91   Thumb Code    10  mpu.o(i.MPU_Set_Accel_Fsr)
    MPU_Set_Gyro_Fsr                         0x08003d9b   Thumb Code    10  mpu.o(i.MPU_Set_Gyro_Fsr)
    MX_CAN1_Init                             0x08003da5   Thumb Code    60  can.o(i.MX_CAN1_Init)
    MX_CAN2_Init                             0x08003de9   Thumb Code    64  can.o(i.MX_CAN2_Init)
    MX_DMA_Init                              0x08003e31   Thumb Code   104  dma.o(i.MX_DMA_Init)
    MX_FREERTOS_Init                         0x08003e9d   Thumb Code   130  freertos.o(i.MX_FREERTOS_Init)
    MX_GPIO_Init                             0x08003f29   Thumb Code   362  gpio.o(i.MX_GPIO_Init)
    MX_SPI5_Init                             0x080040b5   Thumb Code    62  spi.o(i.MX_SPI5_Init)
    MX_TIM12_Init                            0x080040fd   Thumb Code    92  tim.o(i.MX_TIM12_Init)
    MX_TIM1_Init                             0x08004161   Thumb Code   154  tim.o(i.MX_TIM1_Init)
    MX_TIM2_Init                             0x08004205   Thumb Code   138  tim.o(i.MX_TIM2_Init)
    MX_TIM3_Init                             0x08004295   Thumb Code   102  tim.o(i.MX_TIM3_Init)
    MX_TIM4_Init                             0x08004305   Thumb Code   132  tim.o(i.MX_TIM4_Init)
    MX_TIM5_Init                             0x08004391   Thumb Code   144  tim.o(i.MX_TIM5_Init)
    MX_TIM8_Init                             0x08004429   Thumb Code   172  tim.o(i.MX_TIM8_Init)
    MX_USART1_UART_Init                      0x080044dd   Thumb Code    50  usart.o(i.MX_USART1_UART_Init)
    MX_USART2_UART_Init                      0x0800451d   Thumb Code    48  usart.o(i.MX_USART2_UART_Init)
    MX_USART3_UART_Init                      0x08004555   Thumb Code    48  usart.o(i.MX_USART3_UART_Init)
    MX_USART6_UART_Init                      0x0800458d   Thumb Code    48  usart.o(i.MX_USART6_UART_Init)
    MemManage_Handler                        0x080045c5   Thumb Code     2  stm32f4xx_it.o(i.MemManage_Handler)
    NMI_Handler                              0x080045c7   Thumb Code     2  stm32f4xx_it.o(i.NMI_Handler)
    PID_struct_init                          0x080045e9   Thumb Code    16  pid.o(i.PID_struct_init)
    StartDefaultTask                         0x080046b7   Thumb Code    18  freertos.o(i.StartDefaultTask)
    SysTick_Handler                          0x080046c9   Thumb Code     4  stm32f4xx_it.o(i.SysTick_Handler)
    SystemClock_Config                       0x080046cd   Thumb Code   156  main.o(i.SystemClock_Config)
    SystemInit                               0x08004771   Thumb Code    66  system_stm32f4xx.o(i.SystemInit)
    TIM6_DAC_IRQHandler                      0x080047c5   Thumb Code     6  stm32f4xx_it.o(i.TIM6_DAC_IRQHandler)
    TIM_Base_SetConfig                       0x080047d1   Thumb Code   148  stm32f4xx_hal_tim.o(i.TIM_Base_SetConfig)
    TIM_CCxChannelCmd                        0x08004891   Thumb Code    22  stm32f4xx_hal_tim.o(i.TIM_CCxChannelCmd)
    TIM_OC2_SetConfig                        0x08004901   Thumb Code    90  stm32f4xx_hal_tim.o(i.TIM_OC2_SetConfig)
    USART1_IRQHandler                        0x08004e91   Thumb Code    18  stm32f4xx_it.o(i.USART1_IRQHandler)
    USART2_IRQHandler                        0x08004ea9   Thumb Code    18  stm32f4xx_it.o(i.USART2_IRQHandler)
    USART3_IRQHandler                        0x08004ec1   Thumb Code    18  stm32f4xx_it.o(i.USART3_IRQHandler)
    USART6_IRQHandler                        0x08004ed9   Thumb Code    18  stm32f4xx_it.o(i.USART6_IRQHandler)
    UsageFault_Handler                       0x08004ef1   Thumb Code     2  stm32f4xx_it.o(i.UsageFault_Handler)
    __ARM_fpclassify                         0x08004ef3   Thumb Code    48  fpclassify.o(i.__ARM_fpclassify)
    __ARM_fpclassifyf                        0x08004f23   Thumb Code    38  fpclassifyf.o(i.__ARM_fpclassifyf)
    __hardfp_asin                            0x08004f49   Thumb Code   770  asin.o(i.__hardfp_asin)
    __hardfp_atan                            0x080052a9   Thumb Code   622  atan.o(i.__hardfp_atan)
    __hardfp_atan2                           0x08005581   Thumb Code   432  atan2.o(i.__hardfp_atan2)
    __hardfp_atan2f                          0x08005771   Thumb Code   502  atan2f.o(i.__hardfp_atan2f)
    __hardfp_fabs                            0x080059c1   Thumb Code    20  fabs.o(i.__hardfp_fabs)
    __hardfp_sqrt                            0x080059d5   Thumb Code   122  sqrt.o(i.__hardfp_sqrt)
    __kernel_poly                            0x08005a4f   Thumb Code   248  poly.o(i.__kernel_poly)
    __mathlib_dbl_infnan                     0x08005b47   Thumb Code    20  dunder.o(i.__mathlib_dbl_infnan)
    __mathlib_dbl_infnan2                    0x08005b5b   Thumb Code    20  dunder.o(i.__mathlib_dbl_infnan2)
    __mathlib_dbl_invalid                    0x08005b71   Thumb Code    24  dunder.o(i.__mathlib_dbl_invalid)
    __mathlib_dbl_underflow                  0x08005b91   Thumb Code    24  dunder.o(i.__mathlib_dbl_underflow)
    __mathlib_flt_infnan2                    0x08005bb1   Thumb Code     6  funder.o(i.__mathlib_flt_infnan2)
    __mathlib_flt_underflow                  0x08005bb9   Thumb Code    10  funder.o(i.__mathlib_flt_underflow)
    abs_limit                                0x08005bc9   Thumb Code    42  pid.o(i.abs_limit)
    atan                                     0x08005bf3   Thumb Code    16  atan.o(i.atan)
    autoshot_big_buff                        0x08005c05   Thumb Code   114  gimbal.o(i.autoshot_big_buff)
    can_send_gimbal_iq                       0x08005c89   Thumb Code    78  gimbal.o(i.can_send_gimbal_iq)
    chassis_task                             0x08005cdd   Thumb Code  1084  chassis.o(i.chassis_task)
    dbus_init                                0x08006119   Thumb Code    32  bt.o(i.dbus_init)
    deal_info_date                           0x08006141   Thumb Code   160  bt.o(i.deal_info_date)
    err_detector_callback                    0x080061f5   Thumb Code    22  error_task.o(i.err_detector_callback)
    fabs                                     0x08006211   Thumb Code    24  fabs.o(i.fabs)
    get_chassis_mode_set_ref                 0x08006229   Thumb Code   180  chassis.o(i.get_chassis_mode_set_ref)
    get_moto_measure                         0x080062ed   Thumb Code    84  bsp_can.o(i.get_moto_measure)
    get_moto_offset                          0x08006341   Thumb Code    12  bsp_can.o(i.get_moto_offset)
    get_relative_pos                         0x0800634d   Thumb Code    44  gimbal.o(i.get_relative_pos)
    gimbal_task                              0x08006379   Thumb Code  2074  gimbal.o(i.gimbal_task)
    imuCaliHook                              0x08006bdd   Thumb Code   160  calibrate.o(i.imuCaliHook)
    ist8310_get_data                         0x08006c89   Thumb Code    10  mpu.o(i.ist8310_get_data)
    ist8310_init                             0x08006c93   Thumb Code   256  mpu.o(i.ist8310_init)
    judge_sys_init                           0x08006e0d   Thumb Code     2  bt.o(i.judge_sys_init)
    judge_use_sys                            0x08006e11   Thumb Code    32  bt.o(i.judge_use_sys)
    key_mouse_task                           0x08006e39   Thumb Code   730  kb.o(i.key_mouse_task)
    main                                     0x08007141   Thumb Code   242  main.o(i.main)
    manifold_uart_init                       0x0800725d   Thumb Code    32  bt.o(i.manifold_uart_init)
    mecanum_calc                             0x08007285   Thumb Code   312  chassis.o(i.mecanum_calc)
    mpu_device_init                          0x080073f1   Thumb Code    86  mpu.o(i.mpu_device_init)
    mpu_get_data                             0x08007451   Thumb Code   484  mpu.o(i.mpu_get_data)
    mpu_read_reg                             0x080076ed   Thumb Code    68  mpu.o(i.mpu_read_reg)
    mpu_read_regs                            0x0800773d   Thumb Code    80  mpu.o(i.mpu_read_regs)
    mpu_write_reg                            0x08007799   Thumb Code    72  mpu.o(i.mpu_write_reg)
    my_can_filter_init_recv_all              0x080077ed   Thumb Code    84  bsp_can.o(i.my_can_filter_init_recv_all)
    osDelay                                  0x0800784d   Thumb Code    14  cmsis_os.o(i.osDelay)
    osKernelStart                            0x0800785b   Thumb Code    10  cmsis_os.o(i.osKernelStart)
    osSystickHandler                         0x08007865   Thumb Code    20  cmsis_os.o(i.osSystickHandler)
    osThreadCreate                           0x08007879   Thumb Code    56  cmsis_os.o(i.osThreadCreate)
    pack_can_msg                             0x080078b1   Thumb Code   108  forbidden.o(i.pack_can_msg)
    pid_calc                                 0x08007925   Thumb Code   448  pid.o(i.pid_calc)
    pidd                                     0x08007afd   Thumb Code    86  chassis.o(i.pidd)
    pidd22                                   0x08007b69   Thumb Code    74  chassis.o(i.pidd22)
    pidd33                                   0x08007bc9   Thumb Code    74  chassis.o(i.pidd33)
    pidd44                                   0x08007c29   Thumb Code    74  chassis.o(i.pidd44)
    pvPortMalloc                             0x08007e19   Thumb Code   210  heap_4.o(i.pvPortMalloc)
    pxPortInitialiseStack                    0x08007ef1   Thumb Code    36  port.o(i.pxPortInitialiseStack)
    reset_zgyro                              0x08007f19   Thumb Code    92  chassis.o(i.reset_zgyro)
    set_cm_current                           0x08007f79   Thumb Code    48  chassis.o(i.set_cm_current)
    set_manifold_vision_mode                 0x08007fa9   Thumb Code    12  kb.o(i.set_manifold_vision_mode)
    shot_big_buff_init                       0x08007fbd   Thumb Code    24  gimbal.o(i.shot_big_buff_init)
    sqrt                                     0x08007fdd   Thumb Code   110  sqrt.o(i.sqrt)
    uart_reset_idle_rx_callback              0x0800804d   Thumb Code   204  bt.o(i.uart_reset_idle_rx_callback)
    uart_send2pc                             0x08008121   Thumb Code    14  bt.o(i.uart_send2pc)
    uart_send_frame                          0x08008135   Thumb Code    62  bt.o(i.uart_send_frame)
    update_gimbal_position_table             0x08008179   Thumb Code   124  gimbal.o(i.update_gimbal_position_table)
    uxListRemove                             0x080081f9   Thumb Code    36  list.o(i.uxListRemove)
    vListInitialise                          0x0800821d   Thumb Code    22  list.o(i.vListInitialise)
    vListInitialiseItem                      0x08008233   Thumb Code     6  list.o(i.vListInitialiseItem)
    vListInsert                              0x08008239   Thumb Code    48  list.o(i.vListInsert)
    vListInsertEnd                           0x08008269   Thumb Code    24  list.o(i.vListInsertEnd)
    vPortEnterCritical                       0x08008281   Thumb Code    54  port.o(i.vPortEnterCritical)
    vPortExitCritical                        0x080082c1   Thumb Code    34  port.o(i.vPortExitCritical)
    vPortFree                                0x080082e9   Thumb Code    88  heap_4.o(i.vPortFree)
    vPortSetupTimerInterrupt                 0x08008345   Thumb Code    26  port.o(i.vPortSetupTimerInterrupt)
    vTaskDelay                               0x08008365   Thumb Code    94  tasks.o(i.vTaskDelay)
    vTaskStartScheduler                      0x080083cd   Thumb Code    86  tasks.o(i.vTaskStartScheduler)
    vTaskSuspendAll                          0x08008435   Thumb Code    10  tasks.o(i.vTaskSuspendAll)
    vTaskSwitchContext                       0x08008445   Thumb Code    82  tasks.o(i.vTaskSwitchContext)
    xPortStartScheduler                      0x080084a1   Thumb Code   202  port.o(i.xPortStartScheduler)
    xPortSysTickHandler                      0x08008581   Thumb Code    38  port.o(i.xPortSysTickHandler)
    xTaskGenericCreate                       0x080085ad   Thumb Code   430  tasks.o(i.xTaskGenericCreate)
    xTaskGetSchedulerState                   0x08008769   Thumb Code    22  tasks.o(i.xTaskGetSchedulerState)
    xTaskIncrementTick                       0x08008785   Thumb Code   194  tasks.o(i.xTaskIncrementTick)
    xTaskResumeAll                           0x08008851   Thumb Code   182  tasks.o(i.xTaskResumeAll)
    __aeabi_dneg                             0x08008915   Thumb Code     0  basic.o(x$fpl$basic)
    _dneg                                    0x08008915   Thumb Code     6  basic.o(x$fpl$basic)
    __aeabi_fneg                             0x0800891b   Thumb Code     0  basic.o(x$fpl$basic)
    _fneg                                    0x0800891b   Thumb Code     6  basic.o(x$fpl$basic)
    _dabs                                    0x08008921   Thumb Code     6  basic.o(x$fpl$basic)
    _fabs                                    0x08008927   Thumb Code     6  basic.o(x$fpl$basic)
    __aeabi_d2f                              0x0800892d   Thumb Code     0  d2f.o(x$fpl$d2f)
    _d2f                                     0x0800892d   Thumb Code    98  d2f.o(x$fpl$d2f)
    __aeabi_dadd                             0x08008991   Thumb Code     0  daddsub_clz.o(x$fpl$dadd)
    _dadd                                    0x08008991   Thumb Code   332  daddsub_clz.o(x$fpl$dadd)
    __fpl_dcmp_Inf                           0x08008ae1   Thumb Code    24  dcmpi.o(x$fpl$dcmpinf)
    __aeabi_ddiv                             0x08008af9   Thumb Code     0  ddiv.o(x$fpl$ddiv)
    _ddiv                                    0x08008af9   Thumb Code   552  ddiv.o(x$fpl$ddiv)
    __aeabi_i2d                              0x08008da9   Thumb Code     0  dflt_clz.o(x$fpl$dflt)
    _dflt                                    0x08008da9   Thumb Code    46  dflt_clz.o(x$fpl$dflt)
    __aeabi_cdcmple                          0x08008dd9   Thumb Code     0  dleqf.o(x$fpl$dleqf)
    _dcmple                                  0x08008dd9   Thumb Code   120  dleqf.o(x$fpl$dleqf)
    __fpl_dcmple_InfNaN                      0x08008e3b   Thumb Code     0  dleqf.o(x$fpl$dleqf)
    __aeabi_dmul                             0x08008e51   Thumb Code     0  dmul.o(x$fpl$dmul)
    _dmul                                    0x08008e51   Thumb Code   332  dmul.o(x$fpl$dmul)
    __fpl_dnaninf                            0x08008fa5   Thumb Code   156  dnaninf.o(x$fpl$dnaninf)
    __fpl_dretinf                            0x08009041   Thumb Code    12  dretinf.o(x$fpl$dretinf)
    __aeabi_drsub                            0x0800904d   Thumb Code     0  daddsub_clz.o(x$fpl$drsb)
    _drsb                                    0x0800904d   Thumb Code    22  daddsub_clz.o(x$fpl$drsb)
    _dsqrt                                   0x08009065   Thumb Code   404  dsqrt_umaal.o(x$fpl$dsqrt)
    __aeabi_dsub                             0x080091fd   Thumb Code     0  daddsub_clz.o(x$fpl$dsub)
    _dsub                                    0x080091fd   Thumb Code   464  daddsub_clz.o(x$fpl$dsub)
    __aeabi_f2d                              0x080093d1   Thumb Code     0  f2d.o(x$fpl$f2d)
    _f2d                                     0x080093d1   Thumb Code    86  f2d.o(x$fpl$f2d)
    __aeabi_ul2f                             0x08009427   Thumb Code     0  ffltll_clz.o(x$fpl$ffltll)
    _ll_uto_f                                0x08009427   Thumb Code     6  ffltll_clz.o(x$fpl$ffltll)
    __aeabi_l2f                              0x0800942d   Thumb Code     0  ffltll_clz.o(x$fpl$ffltll)
    _ll_sto_f                                0x0800942d   Thumb Code    90  ffltll_clz.o(x$fpl$ffltll)
    __fpl_fnaninf                            0x08009487   Thumb Code   140  fnaninf.o(x$fpl$fnaninf)
    _fp_init                                 0x08009513   Thumb Code    10  fpinit.o(x$fpl$fpinit)
    __fplib_config_fpu_vfp                   0x0800951b   Thumb Code     0  fpinit.o(x$fpl$fpinit)
    __fplib_config_pureend_doubles           0x0800951b   Thumb Code     0  fpinit.o(x$fpl$fpinit)
    __fpl_fretinf                            0x0800951d   Thumb Code    10  fretinf.o(x$fpl$fretinf)
    __I$use$fp                               0x08009526   Number         0  usenofp.o(x$fpl$usenofp)
    APBAHBPrescTable                         0x080095a0   Data          16  stm32f4xx_hal_rcc.o(.constdata)
    __mathlib_zero                           0x080096b8   Data           8  qnan.o(.constdata)
    Region$$Table$$Base                      0x08009710   Number         0  anon$$obj.o(Region$$Table)
    Region$$Table$$Limit                     0x08009730   Number         0  anon$$obj.o(Region$$Table)
    defaultTaskHandle                        0x20000000   Data           4  freertos.o(.data)
    mouse_left_sta                           0x20000008   Data           1  gimbal.o(.data)
    mouse_right_sta                          0x20000009   Data           1  gimbal.o(.data)
    autoshot_cmd                             0x2000000a   Data           1  gimbal.o(.data)
    pit_relative_pos                         0x2000000c   Data           2  gimbal.o(.data)
    yaw_relative_pos                         0x2000000e   Data           2  gimbal.o(.data)
    yaw_speed                                0x20000010   Data           2  gimbal.o(.data)
    yaw_angle1                               0x20000012   Data           2  gimbal.o(.data)
    img_center_yaw                           0x20000014   Data           2  gimbal.o(.data)
    img_center_pit                           0x20000016   Data           2  gimbal.o(.data)
    pit_pos_rc_int                           0x20000018   Data           4  gimbal.o(.data)
    pit_pos_ref                              0x2000001c   Data           4  gimbal.o(.data)
    yaw_center_offset                        0x20000020   Data           4  gimbal.o(.data)
    flag_poker                               0x20000024   Data           4  gimbal.o(.data)
    flag_yaw                                 0x20000028   Data           4  gimbal.o(.data)
    flag_pit                                 0x2000002c   Data           4  gimbal.o(.data)
    fric_wheel_run                           0x20000030   Data           4  gimbal.o(.data)
    imu_tmp_ref                              0x20000034   Data           4  gimbal.o(.data)
    poke_stuck_cnt                           0x20000038   Data           4  gimbal.o(.data)
    poke_dir                                 0x2000003c   Data           4  gimbal.o(.data)
    pit_pos_mouse_int                        0x20000040   Data           4  gimbal.o(.data)
    datepit                                  0x20000044   Data           4  gimbal.o(.data)
    dateyaw                                  0x20000048   Data           4  gimbal.o(.data)
    date_real_pit                            0x2000004c   Data           4  gimbal.o(.data)
    last_sw1                                 0x20000050   Data           4  gimbal.o(.data)
    poke_pos_ref                             0x20000054   Data           4  gimbal.o(.data)
    imu_tmp                                  0x20000058   Data           4  gimbal.o(.data)
    pit_top_max                              0x2000005c   Data           4  gimbal.o(.data)
    pit_dow_max                              0x20000060   Data           4  gimbal.o(.data)
    yaw_lift_max                             0x20000064   Data           4  gimbal.o(.data)
    yaw_righ_max                             0x20000068   Data           4  gimbal.o(.data)
    pit_change_range                         0x2000006c   Data           4  gimbal.o(.data)
    yaw_change_range                         0x20000070   Data           4  gimbal.o(.data)
    MAX_WHEEL_SPEED                          0x20000074   Data           4  chassis.o(.data)
    power_date                               0x2000008c   Data           4  chassis.o(.data)
    qqq                                      0x20000090   Data           4  chassis.o(.data)
    buff_3510iq                              0x200000bc   Data           8  chassis.o(.data)
    scope_param                              0x200000c4   Data           8  chassis.o(.data)
    rc_R_sta                                 0x200000cc   Data           1  kb.o(.data)
    key_code                                 0x200000ce   Data           2  kb.o(.data)
    max_kb_move_speed                        0x200000d0   Data           2  kb.o(.data)
    mainflod_use_date                        0x200000d2   Data           2  kb.o(.data)
    anti_on                                  0x200000d4   Data           4  kb.o(.data)
    key_use_flag                             0x200000d8   Data           4  kb.o(.data)
    SystemCoreClock                          0x200000dc   Data           4  system_stm32f4xx.o(.data)
    pxCurrentTCB                             0x20000104   Data           4  tasks.o(.data)
    uwTick                                   0x2000013c   Data           4  stm32f4xx_hal.o(.data)
    yaw_zgyro_angle                          0x20000144   Data           4  bsp_can.o(.data)
    ZGyroModuleAngle                         0x20000148   Data           4  bsp_can.o(.data)
    SectorError                              0x2000014c   Data           4  bsp_flash.o(.data)
    cv_num                                   0x20000150   Data           1  bt.o(.data)
    frame_cnt                                0x20000151   Data           1  bt.o(.data)
    wwww                                     0x20000154   Data           4  bt.o(.data)
    info_dateTran                            0x20000158   Data           4  bt.o(.data)
    last_cv                                  0x2000015c   Data           4  bt.o(.data)
    delta_cv                                 0x20000160   Data           4  bt.o(.data)
    id                                       0x20000166   Data           1  mpu.o(.data)
    eff                                      0x20000168   Data           2  mpu.o(.data)
    eff2                                     0x2000016a   Data           2  mpu.o(.data)
    test_yaw1                                0x2000016c   Data           4  mpu.o(.data)
    ist_buff                                 0x20000170   Data           6  mpu.o(.data)
    Eff                                      0x20000184   Data         240  mpu.o(.data)
    Kp                                       0x20000284   Data           4  ahrs.o(.data)
    Ki                                       0x20000288   Data           4  ahrs.o(.data)
    htim6                                    0x2000029c   Data          60  stm32f4xx_hal_timebase_tim.o(.bss)
    hcan1                                    0x200002d8   Data          64  can.o(.bss)
    hcan2                                    0x20000318   Data          64  can.o(.bss)
    hspi5                                    0x20000358   Data          88  spi.o(.bss)
    huart1                                   0x200003b0   Data          64  usart.o(.bss)
    huart2                                   0x200003f0   Data          64  usart.o(.bss)
    huart3                                   0x20000430   Data          64  usart.o(.bss)
    huart6                                   0x20000470   Data          64  usart.o(.bss)
    hdma_usart1_rx                           0x200004b0   Data          96  usart.o(.bss)
    hdma_usart2_rx                           0x20000510   Data          96  usart.o(.bss)
    hdma_usart3_rx                           0x20000570   Data          96  usart.o(.bss)
    hdma_usart6_rx                           0x200005d0   Data          96  usart.o(.bss)
    htim1                                    0x20000630   Data          60  tim.o(.bss)
    htim2                                    0x2000066c   Data          60  tim.o(.bss)
    htim3                                    0x200006a8   Data          60  tim.o(.bss)
    htim4                                    0x200006e4   Data          60  tim.o(.bss)
    htim5                                    0x20000720   Data          60  tim.o(.bss)
    htim8                                    0x2000075c   Data          60  tim.o(.bss)
    htim12                                   0x20000798   Data          60  tim.o(.bss)
    watch_param                              0x200007d4   Data          16  gimbal.o(.bss)
    watch_pit                                0x200007e4   Data          16  gimbal.o(.bss)
    gYaw                                     0x200007f4   Data          52  gimbal.o(.bss)
    big_buff_table                           0x20000828   Data          36  gimbal.o(.bss)
    chassis                                  0x20000850   Data         136  chassis.o(.bss)
    gRxErr                                   0x200008d8   Data         204  error_task.o(.bss)
    speed_max_use                            0x200009a4   Data          12  kb.o(.bss)
    km                                       0x200009b0   Data          24  kb.o(.bss)
    pFlash                                   0x200046b8   Data          32  stm32f4xx_hal_flash.o(.bss)
    moto_chassis                             0x200046d8   Data         176  bsp_can.o(.bss)
    moto_pit                                 0x20004808   Data          44  bsp_can.o(.bss)
    moto_yaw                                 0x20004834   Data          44  bsp_can.o(.bss)
    moto_poke                                0x20004860   Data          44  bsp_can.o(.bss)
    cv_big_buff                              0x200048a0   Data          24  bt.o(.bss)
    cv_mainfold_yandp                        0x200048b8   Data          80  bt.o(.bss)
    rc                                       0x20004908   Data          20  bt.o(.bss)
    bt_rx_buff                               0x2000491c   Data         100  bt.o(.bss)
    dbus_buff                                0x20004980   Data          20  bt.o(.bss)
    cv_buff                                  0x20004994   Data          20  bt.o(.bss)
    info_judge                               0x200049a8   Data          46  bt.o(.bss)
    rcDataTable                              0x200049d8   Data         236  bt.o(.bss)
    easyTable                                0x20004ac4   Data         236  bt.o(.bss)
    transmit_frame                           0x20004bb0   Data           9  bt.o(.bss)
    game_info_use                            0x20004bbc   Data          24  bt.o(.bss)
    CV_bigbuff_PandY                         0x20004bd4   Data         112  bt.o(.bss)
    pid_rol                                  0x20004c44   Data         108  pid.o(.bss)
    pid_pit                                  0x20004cb0   Data         108  pid.o(.bss)
    pid_yaw                                  0x20004d1c   Data         108  pid.o(.bss)
    pid_vy                                   0x20004d88   Data         108  pid.o(.bss)
    pid_yaw_omg                              0x20004df4   Data         108  pid.o(.bss)
    pid_pit_omg                              0x20004e60   Data         108  pid.o(.bss)
    pid_spd                                  0x20004ecc   Data         432  pid.o(.bss)
    pid_chassis_angle                        0x2000507c   Data         108  pid.o(.bss)
    pid_poke                                 0x200050e8   Data         108  pid.o(.bss)
    pid_poke_omg                             0x20005154   Data         108  pid.o(.bss)
    pid_imu_tmp                              0x200051c0   Data         108  pid.o(.bss)
    pid_cali_bby                             0x2000522c   Data         108  pid.o(.bss)
    pid_cali_bbp                             0x20005298   Data         108  pid.o(.bss)
    MPU6050_FIFO                             0x20005304   Data         132  mpu.o(.bss)
    mpu_buff                                 0x20005388   Data          14  mpu.o(.bss)
    mpu_data                                 0x20005396   Data          32  mpu.o(.bss)
    imu                                      0x200053b8   Data          40  mpu.o(.bss)
    euler                                    0x200053e0   Data          12  ahrs.o(.bss)
    aeuler                                   0x200053ec   Data          12  ahrs.o(.bss)
    gAppParam                                0x20005404   Data          41  calibrate.o(.bss)
    judgementBuf                             0x2000542d   Data         100  judge_sys.o(.bss)
    testGameInfo                             0x20005491   Data          38  judge_sys.o(.bss)
    testRealShootData                        0x200054b7   Data          16  judge_sys.o(.bss)
    tu_rc                                    0x200054c7   Data          18  judge_sys.o(.bss)
    __libspace_start                         0x200054f8   Data          96  libspace.o(.bss)
    __temporary_stack_top$libspace           0x20005558   Data           0  libspace.o(.bss)
    JumpIapFlag                              0x40024000   Data           4  bt.o(.ARM.__AT_0x40024000)



==============================================================================

Memory Map of the image

  Image Entry point : 0x080001ad

  Load Region LR_IROM1 (Base: 0x08000000, Size: 0x000099cc, Max: 0x00200000, ABSOLUTE, COMPRESSED[0x00009840])

    Execution Region ER_IROM1 (Base: 0x08000000, Size: 0x00009730, Max: 0x00200000, ABSOLUTE)

    Base Addr    Size         Type   Attr      Idx    E Section Name        Object

    0x08000000   0x000001ac   Data   RO         1271    RESET               startup_stm32f427xx.o
    0x080001ac   0x00000008   Code   RO         5610  * !!!main             c_w.l(__main.o)
    0x080001b4   0x00000034   Code   RO         6084    !!!scatter          c_w.l(__scatter.o)
    0x080001e8   0x0000005a   Code   RO         6082    !!dczerorl2         c_w.l(__dczerorl2.o)
    0x08000242   0x00000002   PAD
    0x08000244   0x0000001c   Code   RO         6086    !!handler_zi        c_w.l(__scatter_zi.o)
    0x08000260   0x00000002   Code   RO         5949    .ARM.Collect$$libinit$$00000000  c_w.l(libinit.o)
    0x08000262   0x00000004   Code   RO         5959    .ARM.Collect$$libinit$$00000001  c_w.l(libinit2.o)
    0x08000266   0x00000000   Code   RO         5962    .ARM.Collect$$libinit$$00000004  c_w.l(libinit2.o)
    0x08000266   0x00000000   Code   RO         5965    .ARM.Collect$$libinit$$0000000A  c_w.l(libinit2.o)
    0x08000266   0x00000000   Code   RO         5967    .ARM.Collect$$libinit$$0000000C  c_w.l(libinit2.o)
    0x08000266   0x00000000   Code   RO         5969    .ARM.Collect$$libinit$$0000000E  c_w.l(libinit2.o)
    0x08000266   0x00000000   Code   RO         5972    .ARM.Collect$$libinit$$00000011  c_w.l(libinit2.o)
    0x08000266   0x00000000   Code   RO         5974    .ARM.Collect$$libinit$$00000013  c_w.l(libinit2.o)
    0x08000266   0x00000000   Code   RO         5976    .ARM.Collect$$libinit$$00000015  c_w.l(libinit2.o)
    0x08000266   0x00000000   Code   RO         5978    .ARM.Collect$$libinit$$00000017  c_w.l(libinit2.o)
    0x08000266   0x00000000   Code   RO         5980    .ARM.Collect$$libinit$$00000019  c_w.l(libinit2.o)
    0x08000266   0x00000000   Code   RO         5982    .ARM.Collect$$libinit$$0000001B  c_w.l(libinit2.o)
    0x08000266   0x00000000   Code   RO         5984    .ARM.Collect$$libinit$$0000001D  c_w.l(libinit2.o)
    0x08000266   0x00000000   Code   RO         5986    .ARM.Collect$$libinit$$0000001F  c_w.l(libinit2.o)
    0x08000266   0x00000000   Code   RO         5988    .ARM.Collect$$libinit$$00000021  c_w.l(libinit2.o)
    0x08000266   0x00000000   Code   RO         5990    .ARM.Collect$$libinit$$00000023  c_w.l(libinit2.o)
    0x08000266   0x00000000   Code   RO         5992    .ARM.Collect$$libinit$$00000025  c_w.l(libinit2.o)
    0x08000266   0x00000000   Code   RO         5996    .ARM.Collect$$libinit$$0000002C  c_w.l(libinit2.o)
    0x08000266   0x00000000   Code   RO         5998    .ARM.Collect$$libinit$$0000002E  c_w.l(libinit2.o)
    0x08000266   0x00000000   Code   RO         6000    .ARM.Collect$$libinit$$00000030  c_w.l(libinit2.o)
    0x08000266   0x00000000   Code   RO         6002    .ARM.Collect$$libinit$$00000032  c_w.l(libinit2.o)
    0x08000266   0x00000002   Code   RO         6003    .ARM.Collect$$libinit$$00000033  c_w.l(libinit2.o)
    0x08000268   0x00000002   Code   RO         6023    .ARM.Collect$$libshutdown$$00000000  c_w.l(libshutdown.o)
    0x0800026a   0x00000000   Code   RO         6037    .ARM.Collect$$libshutdown$$00000003  c_w.l(libshutdown2.o)
    0x0800026a   0x00000000   Code   RO         6040    .ARM.Collect$$libshutdown$$00000006  c_w.l(libshutdown2.o)
    0x0800026a   0x00000000   Code   RO         6043    .ARM.Collect$$libshutdown$$00000009  c_w.l(libshutdown2.o)
    0x0800026a   0x00000000   Code   RO         6045    .ARM.Collect$$libshutdown$$0000000B  c_w.l(libshutdown2.o)
    0x0800026a   0x00000000   Code   RO         6048    .ARM.Collect$$libshutdown$$0000000E  c_w.l(libshutdown2.o)
    0x0800026a   0x00000002   Code   RO         6049    .ARM.Collect$$libshutdown$$0000000F  c_w.l(libshutdown2.o)
    0x0800026c   0x00000000   Code   RO         5684    .ARM.Collect$$rtentry$$00000000  c_w.l(__rtentry.o)
    0x0800026c   0x00000000   Code   RO         5863    .ARM.Collect$$rtentry$$00000002  c_w.l(__rtentry2.o)
    0x0800026c   0x00000006   Code   RO         5875    .ARM.Collect$$rtentry$$00000004  c_w.l(__rtentry4.o)
    0x08000272   0x00000000   Code   RO         5865    .ARM.Collect$$rtentry$$00000009  c_w.l(__rtentry2.o)
    0x08000272   0x00000004   Code   RO         5866    .ARM.Collect$$rtentry$$0000000A  c_w.l(__rtentry2.o)
    0x08000276   0x00000000   Code   RO         5868    .ARM.Collect$$rtentry$$0000000C  c_w.l(__rtentry2.o)
    0x08000276   0x00000008   Code   RO         5869    .ARM.Collect$$rtentry$$0000000D  c_w.l(__rtentry2.o)
    0x0800027e   0x00000002   Code   RO         5952    .ARM.Collect$$rtexit$$00000000  c_w.l(rtexit.o)
    0x08000280   0x00000000   Code   RO         6005    .ARM.Collect$$rtexit$$00000002  c_w.l(rtexit2.o)
    0x08000280   0x00000004   Code   RO         6006    .ARM.Collect$$rtexit$$00000003  c_w.l(rtexit2.o)
    0x08000284   0x00000006   Code   RO         6007    .ARM.Collect$$rtexit$$00000004  c_w.l(rtexit2.o)
    0x0800028a   0x00000002   PAD
    0x0800028c   0x000000ba   Code   RO         1687    .emb_text           port.o
    0x08000346   0x00000002   PAD
    0x08000348   0x00000040   Code   RO         1272    .text               startup_stm32f427xx.o
    0x08000388   0x0000008a   Code   RO         5600    .text               c_w.l(rt_memcpy_v6.o)
    0x08000412   0x00000064   Code   RO         5602    .text               c_w.l(rt_memcpy_w.o)
    0x08000476   0x00000010   Code   RO         5604    .text               c_w.l(aeabi_memset.o)
    0x08000486   0x0000004e   Code   RO         5606    .text               c_w.l(rt_memclr_w.o)
    0x080004d4   0x00000006   Code   RO         5608    .text               c_w.l(heapauxi.o)
    0x080004da   0x00000016   Code   RO         5685    .text               c_w.l(_rserrno.o)
    0x080004f0   0x00000044   Code   RO         5778    .text               c_w.l(rt_memclr.o)
    0x08000534   0x00000008   Code   RO         5880    .text               c_w.l(rt_errno_addr_intlibspace.o)
    0x0800053c   0x00000008   Code   RO         5900    .text               c_w.l(libspace.o)
    0x08000544   0x0000004a   Code   RO         5903    .text               c_w.l(sys_stackheap_outer.o)
    0x0800058e   0x0000000c   Code   RO         5942    .text               c_w.l(exit.o)
    0x0800059a   0x00000002   PAD
    0x0800059c   0x0000000c   Code   RO         6015    .text               c_w.l(sys_exit.o)
    0x080005a8   0x00000002   Code   RO         6026    .text               c_w.l(use_no_semi.o)
    0x080005aa   0x00000000   Code   RO         6028    .text               c_w.l(indicate_semi.o)
    0x080005aa   0x00000002   PAD
    0x080005ac   0x000002a8   Code   RO         5397    i.AHRS_GetAttitude  ahrs.o
    0x08000854   0x000003f8   Code   RO         5398    i.AHRS_Update       ahrs.o
    0x08000c4c   0x000003b4   Code   RO          814    i.AUTO_buff_shot    gimbal.o
    0x08001000   0x00000014   Code   RO         5446    i.AppParamReadFromFlash  calibrate.o
    0x08001014   0x0000000c   Code   RO         5447    i.AppParamSave2Flash  calibrate.o
    0x08001020   0x0000005c   Code   RO         4983    i.BSP_FLASH_Write   bsp_flash.o
    0x0800107c   0x00000002   Code   RO          255    i.BusFault_Handler  stm32f4xx_it.o
    0x0800107e   0x00000002   PAD
    0x08001080   0x0000000c   Code   RO          256    i.CAN1_RX0_IRQHandler  stm32f4xx_it.o
    0x0800108c   0x0000000c   Code   RO          257    i.CAN1_TX_IRQHandler  stm32f4xx_it.o
    0x08001098   0x0000000c   Code   RO          258    i.CAN2_RX0_IRQHandler  stm32f4xx_it.o
    0x080010a4   0x0000000c   Code   RO          259    i.CAN2_TX_IRQHandler  stm32f4xx_it.o
    0x080010b0   0x00000128   Code   RO         3042    i.CAN_Receive_IT    stm32f4xx_hal_can.o
    0x080011d8   0x00000060   Code   RO         3043    i.CAN_Transmit_IT   stm32f4xx_hal_can.o
    0x08001238   0x00000034   Code   RO         5448    i.CalibrateHook     calibrate.o
    0x0800126c   0x0000000c   Code   RO          260    i.DMA1_Stream1_IRQHandler  stm32f4xx_it.o
    0x08001278   0x0000000c   Code   RO          261    i.DMA1_Stream5_IRQHandler  stm32f4xx_it.o
    0x08001284   0x0000000c   Code   RO          262    i.DMA2_Stream1_IRQHandler  stm32f4xx_it.o
    0x08001290   0x0000000c   Code   RO          263    i.DMA2_Stream2_IRQHandler  stm32f4xx_it.o
    0x0800129c   0x00000028   Code   RO         3879    i.DMA_CalcBaseAndBitshift  stm32f4xx_hal_dma.o
    0x080012c4   0x00000054   Code   RO         3880    i.DMA_CheckFifoParam  stm32f4xx_hal_dma.o
    0x08001318   0x00000028   Code   RO         3881    i.DMA_SetConfig     stm32f4xx_hal_dma.o
    0x08001340   0x00000002   Code   RO          264    i.DebugMon_Handler  stm32f4xx_it.o
    0x08001342   0x00000090   Code   RO         5024    i.Dma_Callback_RC_Handle  bt.o
    0x080013d2   0x00000002   Code   RO          566    i.Error_Handler     main.o
    0x080013d4   0x00000060   Code   RO         3618    i.FLASH_Erase_Sector  stm32f4xx_hal_flash_ex.o
    0x08001434   0x00000054   Code   RO         3619    i.FLASH_FlushCaches  stm32f4xx_hal_flash_ex.o
    0x08001488   0x00000040   Code   RO         3620    i.FLASH_MassErase   stm32f4xx_hal_flash_ex.o
    0x080014c8   0x00000020   Code   RO         2693    i.FLASH_Program_Byte  stm32f4xx_hal_flash.o
    0x080014e8   0x00000028   Code   RO         2694    i.FLASH_Program_DoubleWord  stm32f4xx_hal_flash.o
    0x08001510   0x00000024   Code   RO         2695    i.FLASH_Program_HalfWord  stm32f4xx_hal_flash.o
    0x08001534   0x00000024   Code   RO         2696    i.FLASH_Program_Word  stm32f4xx_hal_flash.o
    0x08001558   0x00000088   Code   RO         2697    i.FLASH_SetErrorCode  stm32f4xx_hal_flash.o
    0x080015e0   0x00000058   Code   RO         2698    i.FLASH_WaitForLastOperation  stm32f4xx_hal_flash.o
    0x08001638   0x0000017c   Code   RO         4984    i.GetSector         bsp_flash.o
    0x080017b4   0x000000e4   Code   RO         3044    i.HAL_CAN_ConfigFilter  stm32f4xx_hal_can.o
    0x08001898   0x00000002   Code   RO         3046    i.HAL_CAN_ErrorCallback  stm32f4xx_hal_can.o
    0x0800189a   0x00000002   PAD
    0x0800189c   0x00000180   Code   RO         3049    i.HAL_CAN_IRQHandler  stm32f4xx_hal_can.o
    0x08001a1c   0x00000148   Code   RO         3050    i.HAL_CAN_Init      stm32f4xx_hal_can.o
    0x08001b64   0x000000e0   Code   RO          457    i.HAL_CAN_MspInit   can.o
    0x08001c44   0x00000086   Code   RO         3054    i.HAL_CAN_Receive_IT  stm32f4xx_hal_can.o
    0x08001cca   0x00000002   PAD
    0x08001ccc   0x00000108   Code   RO         4913    i.HAL_CAN_RxCpltCallback  bsp_can.o
    0x08001dd4   0x00000194   Code   RO         3057    i.HAL_CAN_Transmit  stm32f4xx_hal_can.o
    0x08001f68   0x00000002   Code   RO         3059    i.HAL_CAN_TxCpltCallback  stm32f4xx_hal_can.o
    0x08001f6a   0x00000024   Code   RO         3883    i.HAL_DMA_Abort_IT  stm32f4xx_hal_dma.o
    0x08001f8e   0x00000002   PAD
    0x08001f90   0x000001a8   Code   RO         3887    i.HAL_DMA_IRQHandler  stm32f4xx_hal_dma.o
    0x08002138   0x000000d0   Code   RO         3888    i.HAL_DMA_Init      stm32f4xx_hal_dma.o
    0x08002208   0x00000046   Code   RO         3891    i.HAL_DMA_Start     stm32f4xx_hal_dma.o
    0x0800224e   0x00000016   Code   RO         2818    i.HAL_Delay         stm32f4xx_hal.o
    0x08002264   0x0000009c   Code   RO         3625    i.HAL_FLASHEx_Erase  stm32f4xx_hal_flash_ex.o
    0x08002300   0x00000014   Code   RO         2702    i.HAL_FLASH_Lock    stm32f4xx_hal_flash.o
    0x08002314   0x0000007c   Code   RO         2707    i.HAL_FLASH_Program  stm32f4xx_hal_flash.o
    0x08002390   0x00000028   Code   RO         2709    i.HAL_FLASH_Unlock  stm32f4xx_hal_flash.o
    0x080023b8   0x000001cc   Code   RO         3555    i.HAL_GPIO_Init     stm32f4xx_hal_gpio.o
    0x08002584   0x0000000a   Code   RO         3559    i.HAL_GPIO_WritePin  stm32f4xx_hal_gpio.o
    0x0800258e   0x00000002   PAD
    0x08002590   0x0000000c   Code   RO         2826    i.HAL_GetTick       stm32f4xx_hal.o
    0x0800259c   0x00000010   Code   RO         2827    i.HAL_IncTick       stm32f4xx_hal.o
    0x080025ac   0x00000034   Code   RO         2828    i.HAL_Init          stm32f4xx_hal.o
    0x080025e0   0x00000074   Code   RO          416    i.HAL_InitTick      stm32f4xx_hal_timebase_tim.o
    0x08002654   0x00000058   Code   RO          220    i.HAL_MspInit       stm32f4xx_hal_msp.o
    0x080026ac   0x00000016   Code   RO         2321    i.HAL_NVIC_EnableIRQ  stm32f4xx_hal_cortex.o
    0x080026c2   0x00000002   PAD
    0x080026c4   0x00000040   Code   RO         2327    i.HAL_NVIC_SetPriority  stm32f4xx_hal_cortex.o
    0x08002704   0x00000024   Code   RO         2328    i.HAL_NVIC_SetPriorityGrouping  stm32f4xx_hal_cortex.o
    0x08002728   0x00000024   Code   RO         2329    i.HAL_NVIC_SystemReset  stm32f4xx_hal_cortex.o
    0x0800274c   0x0000008c   Code   RO         2976    i.HAL_PWREx_EnableOverDrive  stm32f4xx_hal_pwr_ex.o
    0x080027d8   0x0000017c   Code   RO         3448    i.HAL_RCC_ClockConfig  stm32f4xx_hal_rcc.o
    0x08002954   0x00000040   Code   RO         3452    i.HAL_RCC_GetClockConfig  stm32f4xx_hal_rcc.o
    0x08002994   0x0000000c   Code   RO         3453    i.HAL_RCC_GetHCLKFreq  stm32f4xx_hal_rcc.o
    0x080029a0   0x00000030   Code   RO         3455    i.HAL_RCC_GetPCLK1Freq  stm32f4xx_hal_rcc.o
    0x080029d0   0x00000030   Code   RO         3456    i.HAL_RCC_GetPCLK2Freq  stm32f4xx_hal_rcc.o
    0x08002a00   0x00000074   Code   RO         3457    i.HAL_RCC_GetSysClockFreq  stm32f4xx_hal_rcc.o
    0x08002a74   0x000002e4   Code   RO         3460    i.HAL_RCC_OscConfig  stm32f4xx_hal_rcc.o
    0x08002d58   0x00000080   Code   RO         4642    i.HAL_SPI_Init      stm32f4xx_hal_spi.o
    0x08002dd8   0x0000004c   Code   RO          629    i.HAL_SPI_MspInit   spi.o
    0x08002e24   0x000001d8   Code   RO         4651    i.HAL_SPI_TransmitReceive  stm32f4xx_hal_spi.o
    0x08002ffc   0x00000018   Code   RO         2330    i.HAL_SYSTICK_CLKSourceConfig  stm32f4xx_hal_cortex.o
    0x08003014   0x00000028   Code   RO         2332    i.HAL_SYSTICK_Config  stm32f4xx_hal_cortex.o
    0x0800303c   0x00000002   Code   RO         3208    i.HAL_TIMEx_BreakCallback  stm32f4xx_hal_tim_ex.o
    0x0800303e   0x00000002   Code   RO         3209    i.HAL_TIMEx_CommutationCallback  stm32f4xx_hal_tim_ex.o
    0x08003040   0x00000042   Code   RO         3210    i.HAL_TIMEx_ConfigBreakDeadTime  stm32f4xx_hal_tim_ex.o
    0x08003082   0x00000050   Code   RO         3225    i.HAL_TIMEx_MasterConfigSynchronization  stm32f4xx_hal_tim_ex.o
    0x080030d2   0x00000036   Code   RO         3987    i.HAL_TIM_Base_Init  stm32f4xx_hal_tim.o
    0x08003108   0x00000002   Code   RO         3989    i.HAL_TIM_Base_MspInit  stm32f4xx_hal_tim.o
    0x0800310a   0x00000018   Code   RO         3992    i.HAL_TIM_Base_Start_IT  stm32f4xx_hal_tim.o
    0x08003122   0x00000002   Code   RO         4016    i.HAL_TIM_IC_CaptureCallback  stm32f4xx_hal_tim.o
    0x08003124   0x00000166   Code   RO         4029    i.HAL_TIM_IRQHandler  stm32f4xx_hal_tim.o
    0x0800328a   0x00000002   PAD
    0x0800328c   0x00000120   Code   RO          730    i.HAL_TIM_MspPostInit  tim.o
    0x080033ac   0x00000002   Code   RO         4032    i.HAL_TIM_OC_DelayElapsedCallback  stm32f4xx_hal_tim.o
    0x080033ae   0x000000d0   Code   RO         4053    i.HAL_TIM_PWM_ConfigChannel  stm32f4xx_hal_tim.o
    0x0800347e   0x00000036   Code   RO         4056    i.HAL_TIM_PWM_Init  stm32f4xx_hal_tim.o
    0x080034b4   0x000000bc   Code   RO          732    i.HAL_TIM_PWM_MspInit  tim.o
    0x08003570   0x00000002   Code   RO         4059    i.HAL_TIM_PWM_PulseFinishedCallback  stm32f4xx_hal_tim.o
    0x08003572   0x00000002   PAD
    0x08003574   0x00000038   Code   RO         4060    i.HAL_TIM_PWM_Start  stm32f4xx_hal_tim.o
    0x080035ac   0x00000014   Code   RO          567    i.HAL_TIM_PeriodElapsedCallback  main.o
    0x080035c0   0x00000002   Code   RO         4070    i.HAL_TIM_TriggerCallback  stm32f4xx_hal_tim.o
    0x080035c2   0x00000002   Code   RO         2453    i.HAL_UART_ErrorCallback  stm32f4xx_hal_uart.o
    0x080035c4   0x00000110   Code   RO         2456    i.HAL_UART_IRQHandler  stm32f4xx_hal_uart.o
    0x080036d4   0x00000062   Code   RO         2457    i.HAL_UART_Init     stm32f4xx_hal_uart.o
    0x08003736   0x00000002   PAD
    0x08003738   0x0000025c   Code   RO          671    i.HAL_UART_MspInit  usart.o
    0x08003994   0x00000002   Code   RO         2463    i.HAL_UART_RxCpltCallback  stm32f4xx_hal_uart.o
    0x08003996   0x000000ba   Code   RO         2465    i.HAL_UART_Transmit  stm32f4xx_hal_uart.o
    0x08003a50   0x00000002   Code   RO         2468    i.HAL_UART_TxCpltCallback  stm32f4xx_hal_uart.o
    0x08003a52   0x00000002   Code   RO          265    i.HardFault_Handler  stm32f4xx_it.o
    0x08003a54   0x0000002e   Code   RO         1193    i.KeyStateMachine   kb.o
    0x08003a82   0x00000002   PAD
    0x08003a84   0x000001f0   Code   RO         5025    i.LanggoUartFrameIRQHandler  bt.o
    0x08003c74   0x0000011c   Code   RO         5282    i.MPU6050_DataSave  mpu.o
    0x08003d90   0x0000000a   Code   RO         5283    i.MPU_Set_Accel_Fsr  mpu.o
    0x08003d9a   0x0000000a   Code   RO         5284    i.MPU_Set_Gyro_Fsr  mpu.o
    0x08003da4   0x00000044   Code   RO          458    i.MX_CAN1_Init      can.o
    0x08003de8   0x00000048   Code   RO          459    i.MX_CAN2_Init      can.o
    0x08003e30   0x0000006c   Code   RO          515    i.MX_DMA_Init       dma.o
    0x08003e9c   0x0000008c   Code   RO            3    i.MX_FREERTOS_Init  freertos.o
    0x08003f28   0x0000018c   Code   RO          542    i.MX_GPIO_Init      gpio.o
    0x080040b4   0x00000048   Code   RO          630    i.MX_SPI5_Init      spi.o
    0x080040fc   0x00000064   Code   RO          733    i.MX_TIM12_Init     tim.o
    0x08004160   0x000000a4   Code   RO          734    i.MX_TIM1_Init      tim.o
    0x08004204   0x00000090   Code   RO          735    i.MX_TIM2_Init      tim.o
    0x08004294   0x00000070   Code   RO          736    i.MX_TIM3_Init      tim.o
    0x08004304   0x0000008c   Code   RO          737    i.MX_TIM4_Init      tim.o
    0x08004390   0x00000098   Code   RO          738    i.MX_TIM5_Init      tim.o
    0x08004428   0x000000b4   Code   RO          739    i.MX_TIM8_Init      tim.o
    0x080044dc   0x00000040   Code   RO          672    i.MX_USART1_UART_Init  usart.o
    0x0800451c   0x00000038   Code   RO          673    i.MX_USART2_UART_Init  usart.o
    0x08004554   0x00000038   Code   RO          674    i.MX_USART3_UART_Init  usart.o
    0x0800458c   0x00000038   Code   RO          675    i.MX_USART6_UART_Init  usart.o
    0x080045c4   0x00000002   Code   RO          266    i.MemManage_Handler  stm32f4xx_it.o
    0x080045c6   0x00000002   Code   RO          267    i.NMI_Handler       stm32f4xx_it.o
    0x080045c8   0x00000020   Code   RO         2334    i.NVIC_SetPriority  stm32f4xx_hal_cortex.o
    0x080045e8   0x00000018   Code   RO         5205    i.PID_struct_init   pid.o
    0x08004600   0x00000020   Code   RO         4664    i.SPI_CheckFlag_BSY  stm32f4xx_hal_spi.o
    0x08004620   0x00000096   Code   RO         4680    i.SPI_WaitFlagStateUntilTimeout  stm32f4xx_hal_spi.o
    0x080046b6   0x00000012   Code   RO            4    i.StartDefaultTask  freertos.o
    0x080046c8   0x00000004   Code   RO          268    i.SysTick_Handler   stm32f4xx_it.o
    0x080046cc   0x000000a4   Code   RO          568    i.SystemClock_Config  main.o
    0x08004770   0x00000054   Code   RO         1239    i.SystemInit        system_stm32f4xx.o
    0x080047c4   0x0000000c   Code   RO          269    i.TIM6_DAC_IRQHandler  stm32f4xx_it.o
    0x080047d0   0x000000c0   Code   RO         4071    i.TIM_Base_SetConfig  stm32f4xx_hal_tim.o
    0x08004890   0x00000016   Code   RO         4072    i.TIM_CCxChannelCmd  stm32f4xx_hal_tim.o
    0x080048a6   0x00000002   PAD
    0x080048a8   0x00000058   Code   RO         4080    i.TIM_OC1_SetConfig  stm32f4xx_hal_tim.o
    0x08004900   0x00000064   Code   RO         4081    i.TIM_OC2_SetConfig  stm32f4xx_hal_tim.o
    0x08004964   0x00000060   Code   RO         4082    i.TIM_OC3_SetConfig  stm32f4xx_hal_tim.o
    0x080049c4   0x00000050   Code   RO         4083    i.TIM_OC4_SetConfig  stm32f4xx_hal_tim.o
    0x08004a14   0x00000010   Code   RO         2470    i.UART_DMAAbortOnError  stm32f4xx_hal_uart.o
    0x08004a24   0x0000001c   Code   RO         2476    i.UART_EndRxTransfer  stm32f4xx_hal_uart.o
    0x08004a40   0x0000004e   Code   RO         5027    i.UART_Receive_DMA_No_IT  bt.o
    0x08004a8e   0x0000008c   Code   RO         2478    i.UART_Receive_IT   stm32f4xx_hal_uart.o
    0x08004b1a   0x00000002   PAD
    0x08004b1c   0x000002ac   Code   RO         2479    i.UART_SetConfig    stm32f4xx_hal_uart.o
    0x08004dc8   0x00000062   Code   RO         2480    i.UART_Transmit_IT  stm32f4xx_hal_uart.o
    0x08004e2a   0x00000064   Code   RO         2481    i.UART_WaitOnFlagUntilTimeout  stm32f4xx_hal_uart.o
    0x08004e8e   0x00000002   PAD
    0x08004e90   0x00000018   Code   RO          270    i.USART1_IRQHandler  stm32f4xx_it.o
    0x08004ea8   0x00000018   Code   RO          271    i.USART2_IRQHandler  stm32f4xx_it.o
    0x08004ec0   0x00000018   Code   RO          272    i.USART3_IRQHandler  stm32f4xx_it.o
    0x08004ed8   0x00000018   Code   RO          273    i.USART6_IRQHandler  stm32f4xx_it.o
    0x08004ef0   0x00000002   Code   RO          274    i.UsageFault_Handler  stm32f4xx_it.o
    0x08004ef2   0x00000030   Code   RO         5841    i.__ARM_fpclassify  m_wm.l(fpclassify.o)
    0x08004f22   0x00000026   Code   RO         5843    i.__ARM_fpclassifyf  m_wm.l(fpclassifyf.o)
    0x08004f48   0x00000360   Code   RO         5628    i.__hardfp_asin     m_wm.l(asin.o)
    0x080052a8   0x000002d8   Code   RO         5813    i.__hardfp_atan     m_wm.l(atan.o)
    0x08005580   0x000001f0   Code   RO         5642    i.__hardfp_atan2    m_wm.l(atan2.o)
    0x08005770   0x00000250   Code   RO         5654    i.__hardfp_atan2f   m_wm.l(atan2f.o)
    0x080059c0   0x00000014   Code   RO         5666    i.__hardfp_fabs     m_wm.l(fabs.o)
    0x080059d4   0x0000007a   Code   RO         5672    i.__hardfp_sqrt     m_wm.l(sqrt.o)
    0x08005a4e   0x000000f8   Code   RO         5859    i.__kernel_poly     m_wm.l(poly.o)
    0x08005b46   0x00000014   Code   RO         5828    i.__mathlib_dbl_infnan  m_wm.l(dunder.o)
    0x08005b5a   0x00000014   Code   RO         5829    i.__mathlib_dbl_infnan2  m_wm.l(dunder.o)
    0x08005b6e   0x00000002   PAD
    0x08005b70   0x00000020   Code   RO         5830    i.__mathlib_dbl_invalid  m_wm.l(dunder.o)
    0x08005b90   0x00000020   Code   RO         5833    i.__mathlib_dbl_underflow  m_wm.l(dunder.o)
    0x08005bb0   0x00000006   Code   RO         5847    i.__mathlib_flt_infnan2  m_wm.l(funder.o)
    0x08005bb6   0x00000002   PAD
    0x08005bb8   0x00000010   Code   RO         5851    i.__mathlib_flt_underflow  m_wm.l(funder.o)
    0x08005bc8   0x0000002a   Code   RO         5206    i.abs_limit         pid.o
    0x08005bf2   0x00000010   Code   RO         5815    i.atan              m_wm.l(atan.o)
    0x08005c02   0x00000002   PAD
    0x08005c04   0x00000084   Code   RO          815    i.autoshot_big_buff  gimbal.o
    0x08005c88   0x00000054   Code   RO          816    i.can_send_gimbal_iq  gimbal.o
    0x08005cdc   0x0000043c   Code   RO          949    i.chassis_task      chassis.o
    0x08006118   0x00000028   Code   RO         5030    i.dbus_init         bt.o
    0x08006140   0x000000b4   Code   RO         5031    i.deal_info_date    bt.o
    0x080061f4   0x0000001c   Code   RO         1108    i.err_detector_callback  error_task.o
    0x08006210   0x00000018   Code   RO         5668    i.fabs              m_wm.l(fabs.o)
    0x08006228   0x000000c4   Code   RO          950    i.get_chassis_mode_set_ref  chassis.o
    0x080062ec   0x00000054   Code   RO         4916    i.get_moto_measure  bsp_can.o
    0x08006340   0x0000000c   Code   RO         4917    i.get_moto_offset   bsp_can.o
    0x0800634c   0x0000002c   Code   RO          817    i.get_relative_pos  gimbal.o
    0x08006378   0x00000864   Code   RO          819    i.gimbal_task       gimbal.o
    0x08006bdc   0x000000ac   Code   RO         5450    i.imuCaliHook       calibrate.o
    0x08006c88   0x0000000a   Code   RO         5286    i.ist8310_get_data  mpu.o
    0x08006c92   0x00000100   Code   RO         5287    i.ist8310_init      mpu.o
    0x08006d92   0x00000038   Code   RO         5288    i.ist_reg_read_by_mpu  mpu.o
    0x08006dca   0x00000042   Code   RO         5289    i.ist_reg_write_by_mpu  mpu.o
    0x08006e0c   0x00000002   Code   RO         5032    i.judge_sys_init    bt.o
    0x08006e0e   0x00000002   PAD
    0x08006e10   0x00000028   Code   RO         5033    i.judge_use_sys     bt.o
    0x08006e38   0x00000308   Code   RO         1194    i.key_mouse_task    kb.o
    0x08007140   0x00000110   Code   RO          569    i.main              main.o
    0x08007250   0x0000000c   Code   RO         1347    i.makeFreeRtosPriority  cmsis_os.o
    0x0800725c   0x00000028   Code   RO         5034    i.manifold_uart_init  bt.o
    0x08007284   0x0000016c   Code   RO          951    i.mecanum_calc      chassis.o
    0x080073f0   0x00000060   Code   RO         5290    i.mpu_device_init   mpu.o
    0x08007450   0x0000020c   Code   RO         5291    i.mpu_get_data      mpu.o
    0x0800765c   0x0000008e   Code   RO         5292    i.mpu_mst_i2c_auto_read_config  mpu.o
    0x080076ea   0x00000002   PAD
    0x080076ec   0x00000050   Code   RO         5293    i.mpu_read_reg      mpu.o
    0x0800773c   0x0000005c   Code   RO         5294    i.mpu_read_regs     mpu.o
    0x08007798   0x00000054   Code   RO         5295    i.mpu_write_reg     mpu.o
    0x080077ec   0x00000060   Code   RO         4919    i.my_can_filter_init_recv_all  bsp_can.o
    0x0800784c   0x0000000e   Code   RO         1348    i.osDelay           cmsis_os.o
    0x0800785a   0x0000000a   Code   RO         1351    i.osKernelStart     cmsis_os.o
    0x08007864   0x00000014   Code   RO         1380    i.osSystickHandler  cmsis_os.o
    0x08007878   0x00000038   Code   RO         1381    i.osThreadCreate    cmsis_os.o
    0x080078b0   0x00000074   Code   RO         5572    i.pack_can_msg      forbidden.lib(forbidden.o)
    0x08007924   0x000001c4   Code   RO         5207    i.pid_calc          pid.o
    0x08007ae8   0x0000000e   Code   RO         5208    i.pid_param_init    pid.o
    0x08007af6   0x00000006   Code   RO         5209    i.pid_reset         pid.o
    0x08007afc   0x0000006c   Code   RO          953    i.pidd              chassis.o
    0x08007b68   0x00000060   Code   RO          954    i.pidd22            chassis.o
    0x08007bc8   0x00000060   Code   RO          955    i.pidd33            chassis.o
    0x08007c28   0x00000060   Code   RO          956    i.pidd44            chassis.o
    0x08007c88   0x00000034   Code   RO         1917    i.prvAddCurrentTaskToDelayedList  tasks.o
    0x08007cbc   0x00000054   Code   RO         1918    i.prvCheckTasksWaitingTermination  tasks.o
    0x08007d10   0x0000004c   Code   RO         1276    i.prvHeapInit       heap_4.o
    0x08007d5c   0x00000028   Code   RO         1919    i.prvIdleTask       tasks.o
    0x08007d84   0x0000004c   Code   RO         1277    i.prvInsertBlockIntoFreeList  heap_4.o
    0x08007dd0   0x00000020   Code   RO         1921    i.prvResetNextTaskUnblockTime  tasks.o
    0x08007df0   0x00000028   Code   RO         1688    i.prvTaskExitError  port.o
    0x08007e18   0x000000d8   Code   RO         1278    i.pvPortMalloc      heap_4.o
    0x08007ef0   0x00000028   Code   RO         1689    i.pxPortInitialiseStack  port.o
    0x08007f18   0x00000060   Code   RO          958    i.reset_zgyro       chassis.o
    0x08007f78   0x00000030   Code   RO          959    i.set_cm_current    chassis.o
    0x08007fa8   0x00000014   Code   RO         1195    i.set_manifold_vision_mode  kb.o
    0x08007fbc   0x00000020   Code   RO          820    i.shot_big_buff_init  gimbal.o
    0x08007fdc   0x0000006e   Code   RO         5674    i.sqrt              m_wm.l(sqrt.o)
    0x0800804a   0x00000002   PAD
    0x0800804c   0x000000d4   Code   RO         5036    i.uart_reset_idle_rx_callback  bt.o
    0x08008120   0x00000014   Code   RO         5037    i.uart_send2pc      bt.o
    0x08008134   0x00000044   Code   RO         5039    i.uart_send_frame   bt.o
    0x08008178   0x00000080   Code   RO          821    i.update_gimbal_position_table  gimbal.o
    0x080081f8   0x00000024   Code   RO         2279    i.uxListRemove      list.o
    0x0800821c   0x00000016   Code   RO         2280    i.vListInitialise   list.o
    0x08008232   0x00000006   Code   RO         2281    i.vListInitialiseItem  list.o
    0x08008238   0x00000030   Code   RO         2282    i.vListInsert       list.o
    0x08008268   0x00000018   Code   RO         2283    i.vListInsertEnd    list.o
    0x08008280   0x00000040   Code   RO         1691    i.vPortEnterCritical  port.o
    0x080082c0   0x00000028   Code   RO         1692    i.vPortExitCritical  port.o
    0x080082e8   0x0000005c   Code   RO         1279    i.vPortFree         heap_4.o
    0x08008344   0x00000020   Code   RO         1693    i.vPortSetupTimerInterrupt  port.o
    0x08008364   0x00000068   Code   RO         1931    i.vTaskDelay        tasks.o
    0x080083cc   0x00000068   Code   RO         1943    i.vTaskStartScheduler  tasks.o
    0x08008434   0x00000010   Code   RO         1945    i.vTaskSuspendAll   tasks.o
    0x08008444   0x0000005c   Code   RO         1946    i.vTaskSwitchContext  tasks.o
    0x080084a0   0x000000e0   Code   RO         1695    i.xPortStartScheduler  port.o
    0x08008580   0x0000002c   Code   RO         1696    i.xPortSysTickHandler  port.o
    0x080085ac   0x000001bc   Code   RO         1948    i.xTaskGenericCreate  tasks.o
    0x08008768   0x0000001c   Code   RO         1952    i.xTaskGetSchedulerState  tasks.o
    0x08008784   0x000000cc   Code   RO         1955    i.xTaskIncrementTick  tasks.o
    0x08008850   0x000000c4   Code   RO         1961    i.xTaskResumeAll    tasks.o
    0x08008914   0x00000018   Code   RO         5780    x$fpl$basic         fz_wm.l(basic.o)
    0x0800892c   0x00000062   Code   RO         5612    x$fpl$d2f           fz_wm.l(d2f.o)
    0x0800898e   0x00000002   PAD
    0x08008990   0x00000150   Code   RO         5782    x$fpl$dadd          fz_wm.l(daddsub_clz.o)
    0x08008ae0   0x00000018   Code   RO         5788    x$fpl$dcmpinf       fz_wm.l(dcmpi.o)
    0x08008af8   0x000002b0   Code   RO         5791    x$fpl$ddiv          fz_wm.l(ddiv.o)
    0x08008da8   0x0000002e   Code   RO         5615    x$fpl$dflt          fz_wm.l(dflt_clz.o)
    0x08008dd6   0x00000002   PAD
    0x08008dd8   0x00000078   Code   RO         5620    x$fpl$dleqf         fz_wm.l(dleqf.o)
    0x08008e50   0x00000154   Code   RO         5622    x$fpl$dmul          fz_wm.l(dmul.o)
    0x08008fa4   0x0000009c   Code   RO         5794    x$fpl$dnaninf       fz_wm.l(dnaninf.o)
    0x08009040   0x0000000c   Code   RO         5796    x$fpl$dretinf       fz_wm.l(dretinf.o)
    0x0800904c   0x00000016   Code   RO         5783    x$fpl$drsb          fz_wm.l(daddsub_clz.o)
    0x08009062   0x00000002   PAD
    0x08009064   0x00000198   Code   RO         5798    x$fpl$dsqrt         fz_wm.l(dsqrt_umaal.o)
    0x080091fc   0x000001d4   Code   RO         5784    x$fpl$dsub          fz_wm.l(daddsub_clz.o)
    0x080093d0   0x00000056   Code   RO         5624    x$fpl$f2d           fz_wm.l(f2d.o)
    0x08009426   0x00000060   Code   RO         5626    x$fpl$ffltll        fz_wm.l(ffltll_clz.o)
    0x08009486   0x0000008c   Code   RO         5800    x$fpl$fnaninf       fz_wm.l(fnaninf.o)
    0x08009512   0x0000000a   Code   RO         6013    x$fpl$fpinit        fz_wm.l(fpinit.o)
    0x0800951c   0x0000000a   Code   RO         5802    x$fpl$fretinf       fz_wm.l(fretinf.o)
    0x08009526   0x00000000   Code   RO         5812    x$fpl$usenofp       fz_wm.l(usenofp.o)
    0x08009526   0x00000002   PAD
    0x08009528   0x00000078   Data   RO            5    .constdata          freertos.o
    0x080095a0   0x00000010   Data   RO         3461    .constdata          stm32f4xx_hal_rcc.o
    0x080095b0   0x00000008   Data   RO         3894    .constdata          stm32f4xx_hal_dma.o
    0x080095b8   0x00000014   Data   RO         5298    .constdata          mpu.o
    0x080095cc   0x00000004   PAD
    0x080095d0   0x00000050   Data   RO         5631    .constdata          m_wm.l(asin.o)
    0x08009620   0x00000098   Data   RO         5816    .constdata          m_wm.l(atan.o)
    0x080096b8   0x00000008   Data   RO         5861    .constdata          m_wm.l(qnan.o)
    0x080096c0   0x00000050   Data   RO            6    .conststring        freertos.o
    0x08009710   0x00000020   Data   RO         6080    Region$$Table       anon$$obj.o


    Execution Region RW_IRAM1 (Base: 0x20000000, Size: 0x00005b58, Max: 0x00030000, ABSOLUTE, COMPRESSED[0x00000110])

    Base Addr    Size         Type   Attr      Idx    E Section Name        Object

    0x20000000   0x00000004   Data   RW            7    .data               freertos.o
    0x20000004   0x00000004   Data   RW          461    .data               can.o
    0x20000008   0x0000006c   Data   RW          825    .data               gimbal.o
    0x20000074   0x00000058   Data   RW          962    .data               chassis.o
    0x200000cc   0x00000010   Data   RW         1197    .data               kb.o
    0x200000dc   0x00000004   Data   RW         1241    .data               system_stm32f4xx.o
    0x200000e0   0x00000018   Data   RW         1284    .data               heap_4.o
    0x200000f8   0x0000000c   Data   RW         1697    .data               port.o
    0x20000104   0x00000038   Data   RW         1964    .data               tasks.o
    0x2000013c   0x00000004   Data   RW         2834    .data               stm32f4xx_hal.o
    0x20000140   0x00000008   Data   RW         4921    .data               bsp_can.o
    0x20000148   0x00000004   Data   RW         4922    .data               bsp_can.o
    0x2000014c   0x00000004   Data   RW         4986    .data               bsp_flash.o
    0x20000150   0x00000014   Data   RW         5043    .data               bt.o
    0x20000164   0x00000110   Data   RW         5299    .data               mpu.o
    0x20000274   0x00000024   Data   RW         5402    .data               ahrs.o
    0x20000298   0x00000004   Data   RW         5453    .data               calibrate.o
    0x2000029c   0x0000003c   Zero   RW          419    .bss                stm32f4xx_hal_timebase_tim.o
    0x200002d8   0x00000080   Zero   RW          460    .bss                can.o
    0x20000358   0x00000058   Zero   RW          631    .bss                spi.o
    0x200003b0   0x00000280   Zero   RW          676    .bss                usart.o
    0x20000630   0x000001a4   Zero   RW          740    .bss                tim.o
    0x200007d4   0x00000078   Zero   RW          822    .bss                gimbal.o
    0x2000084c   0x00000004   PAD
    0x20000850   0x00000088   Zero   RW          960    .bss                chassis.o
    0x200008d8   0x000000cc   Zero   RW         1115    .bss                error_task.o
    0x200009a4   0x00000024   Zero   RW         1196    .bss                kb.o
    0x200009c8   0x00003c00   Zero   RW         1283    .bss                heap_4.o
    0x200045c8   0x000000f0   Zero   RW         1963    .bss                tasks.o
    0x200046b8   0x00000020   Zero   RW         2710    .bss                stm32f4xx_hal_flash.o
    0x200046d8   0x000001b4   Zero   RW         4920    .bss                bsp_can.o
    0x2000488c   0x00000014   Zero   RW         4985    .bss                bsp_flash.o
    0x200048a0   0x00000334   Zero   RW         5041    .bss                bt.o
    0x20004bd4   0x00000070   Zero   RW         5042    .bss                bt.o
    0x20004c44   0x000000d8   Zero   RW         5212    .bss                pid.o
    0x20004d1c   0x0000006c   Zero   RW         5213    .bss                pid.o
    0x20004d88   0x0000006c   Zero   RW         5214    .bss                pid.o
    0x20004df4   0x0000006c   Zero   RW         5215    .bss                pid.o
    0x20004e60   0x0000006c   Zero   RW         5216    .bss                pid.o
    0x20004ecc   0x000001b0   Zero   RW         5218    .bss                pid.o
    0x2000507c   0x0000006c   Zero   RW         5219    .bss                pid.o
    0x200050e8   0x0000006c   Zero   RW         5220    .bss                pid.o
    0x20005154   0x0000006c   Zero   RW         5221    .bss                pid.o
    0x200051c0   0x0000006c   Zero   RW         5222    .bss                pid.o
    0x2000522c   0x0000006c   Zero   RW         5224    .bss                pid.o
    0x20005298   0x0000006c   Zero   RW         5225    .bss                pid.o
    0x20005304   0x000000dc   Zero   RW         5296    .bss                mpu.o
    0x200053e0   0x00000018   Zero   RW         5401    .bss                ahrs.o
    0x200053f8   0x00000035   Zero   RW         5451    .bss                calibrate.o
    0x2000542d   0x000000ac   Zero   RW         5514    .bss                judge_sys.o
    0x200054d9   0x00000003   PAD
    0x200054dc   0x0000001c   Zero   RW         5573    .bss                forbidden.lib(forbidden.o)
    0x200054f8   0x00000060   Zero   RW         5901    .bss                c_w.l(libspace.o)
    0x20005558   0x00000200   Zero   RW         1270    HEAP                startup_stm32f427xx.o
    0x20005758   0x00000400   Zero   RW         1269    STACK               startup_stm32f427xx.o



  Load Region LR$$.ARM.__AT_0x40024000 (Base: 0x40024000, Size: 0x00000000, Max: 0x00000004, ABSOLUTE)

    Execution Region ER$$.ARM.__AT_0x40024000 (Base: 0x40024000, Size: 0x00000004, Max: 0x00000004, ABSOLUTE, UNINIT)

    Base Addr    Size         Type   Attr      Idx    E Section Name        Object

    0x40024000   0x00000004   Zero   RW         5040    .ARM.__AT_0x40024000  bt.o


==============================================================================

Image component sizes


      Code (inc. data)   RO Data    RW Data    ZI Data      Debug   Object Name

      1696         64          0         36         24       3176   ahrs.o
       456         40          0         12        436       5123   bsp_can.o
       472        100          0          4         20       2248   bsp_flash.o
      1320        118          0         20        936      39644   bt.o
       256         40          0          4         53       4096   calibrate.o
       364         40          0          4        128       2470   can.o
      2184        244          0         88        136      11263   chassis.o
       112          0          0          0          0      13800   cmsis_os.o
       108          4          0          0          0        850   dma.o
        28          6          0          0        204       3071   error_task.o
       158         10        200          4          0     394182   freertos.o
      3516        296          0        108        120      14977   gimbal.o
       396         34          0          0          0       1215   gpio.o
       460         24          0         24      15360       8795   heap_4.o
         0          0          0          0        172       2869   judge_sys.o
       842         54          0         16         36       4061   kb.o
       136          0          0          0          0       3566   list.o
       458         44          0          0          0       3004   main.o
      1710         92         20        272        220      10490   mpu.o
       538         12          0          0       1728       4855   pid.o
       670         74          0         12          0      16960   port.o
       148         22          0          0         88       1661   spi.o
        64         26        428          0       1536        820   startup_stm32f427xx.o
       102         16          0          4          0       3684   stm32f4xx_hal.o
      1874         38          0          0          0       7952   stm32f4xx_hal_can.o
       254         24          0          0          0      31680   stm32f4xx_hal_cortex.o
       902         22          8          0          0       6343   stm32f4xx_hal_dma.o
       552         66          0          0         32       6782   stm32f4xx_hal_flash.o
       400         26          0          0          0       4450   stm32f4xx_hal_flash_ex.o
       470         52          0          0          0       2572   stm32f4xx_hal_gpio.o
        88          0          0          0          0        542   stm32f4xx_hal_msp.o
       140         14          0          0          0       1324   stm32f4xx_hal_pwr_ex.o
      1408         90         16          0          0       6660   stm32f4xx_hal_rcc.o
       782          0          0          0          0       4381   stm32f4xx_hal_spi.o
      1342         88          0          0          0      13153   stm32f4xx_hal_tim.o
       150          0          0          0          0       3286   stm32f4xx_hal_tim_ex.o
       116         16          0          0         60       1480   stm32f4xx_hal_timebase_tim.o
      1628         14          0          0          0       9655   stm32f4xx_hal_uart.o
       220         78          0          0          0       9783   stm32f4xx_it.o
        84         18          0          4          0       1401   system_stm32f4xx.o
      1396        116          0         56        240      14538   tasks.o
      1468        136          0          0        420       6879   tim.o
       836         88          0          0        640       4157   usart.o

    ----------------------------------------------------------------------
     30336       2246        708        668      22596     693898   Object Totals
         0          0         32          0          0          0   (incl. Generated)
        32          0          4          0          7          0   (incl. Padding)

    ----------------------------------------------------------------------

      Code (inc. data)   RO Data    RW Data    ZI Data      Debug   Library Member Name

        90          0          0          0          0          0   __dczerorl2.o
         8          0          0          0          0         68   __main.o
         0          0          0          0          0          0   __rtentry.o
        12          0          0          0          0          0   __rtentry2.o
         6          0          0          0          0          0   __rtentry4.o
        52          8          0          0          0          0   __scatter.o
        28          0          0          0          0          0   __scatter_zi.o
        22          0          0          0          0        100   _rserrno.o
        16          0          0          0          0         68   aeabi_memset.o
        12          0          0          0          0         72   exit.o
         6          0          0          0          0        152   heapauxi.o
         0          0          0          0          0          0   indicate_semi.o
         2          0          0          0          0          0   libinit.o
         6          0          0          0          0          0   libinit2.o
         2          0          0          0          0          0   libshutdown.o
         2          0          0          0          0          0   libshutdown2.o
         8          4          0          0         96         68   libspace.o
         8          4          0          0          0         68   rt_errno_addr_intlibspace.o
        68          0          0          0          0         68   rt_memclr.o
        78          0          0          0          0         80   rt_memclr_w.o
       138          0          0          0          0         68   rt_memcpy_v6.o
       100          0          0          0          0         80   rt_memcpy_w.o
         2          0          0          0          0          0   rtexit.o
        10          0          0          0          0          0   rtexit2.o
        12          4          0          0          0         68   sys_exit.o
        74          0          0          0          0         80   sys_stackheap_outer.o
         2          0          0          0          0         68   use_no_semi.o
       116          8          0          0         28       4371   forbidden.o
        24          0          0          0          0        164   basic.o
        98          4          0          0          0        140   d2f.o
       826         16          0          0          0        492   daddsub_clz.o
        24          0          0          0          0        116   dcmpi.o
       688        140          0          0          0        256   ddiv.o
        46          0          0          0          0        116   dflt_clz.o
       120          4          0          0          0        140   dleqf.o
       340         12          0          0          0        152   dmul.o
       156          4          0          0          0        140   dnaninf.o
        12          0          0          0          0        116   dretinf.o
       408         56          0          0          0        168   dsqrt_umaal.o
        86          4          0          0          0        132   f2d.o
        96          0          0          0          0        132   ffltll_clz.o
       140          4          0          0          0        132   fnaninf.o
        10          0          0          0          0        116   fpinit.o
        10          0          0          0          0        116   fretinf.o
         0          0          0          0          0          0   usenofp.o
       864         94         80          0          0        280   asin.o
       744        106        152          0          0        352   atan.o
       496         64          0          0          0        192   atan2.o
       592         90          0          0          0        184   atan2f.o
       104         16          0          0          0        496   dunder.o
        44          0          0          0          0        248   fabs.o
        48          0          0          0          0        124   fpclassify.o
        38          0          0          0          0        116   fpclassifyf.o
        22          6          0          0          0        232   funder.o
       248          0          0          0          0        152   poly.o
         0          0          8          0          0          0   qnan.o
       232          0          0          0          0        296   sqrt.o

    ----------------------------------------------------------------------
      7420        648        240          0        124      10779   Library Totals
        24          0          0          0          0          0   (incl. Padding)

    ----------------------------------------------------------------------

      Code (inc. data)   RO Data    RW Data    ZI Data      Debug   Library Name

       764         20          0          0         96       1108   c_w.l
       116          8          0          0         28       4371   forbidden.lib
      3084        244          0          0          0       2628   fz_wm.l
      3432        376        240          0          0       2672   m_wm.l

    ----------------------------------------------------------------------
      7420        648        240          0        124      10779   Library Totals

    ----------------------------------------------------------------------

==============================================================================


      Code (inc. data)   RO Data    RW Data    ZI Data      Debug   

     37756       2894        948        668      22720     678457   Grand Totals
     37756       2894        948        272      22720     678457   ELF Image Totals (compressed)
     37756       2894        948        272          0          0   ROM Totals

==============================================================================

    Total RO  Size (Code + RO Data)                38704 (  37.80kB)
    Total RW  Size (RW Data + ZI Data)             23388 (  22.84kB)
    Total ROM Size (Code + RO Data + RW Data)      38976 (  38.06kB)

==============================================================================

