<html>
<body>
<pre>
<h1>礦ision Build Log</h1>
<h2>Tool Versions:</h2>
IDE-Version: μVision V5.15
Copyright (C) 2015 ARM Ltd and ARM Germany GmbH. All rights reserved.
License Information: dell,  , LIC=TIVAR-K21ZH-1PYZ5-G27YM-IGF9F-ZU7IR
 
Tool Versions:
Toolchain:       MDK-ARM Standard  Version: 5.15.0
Toolchain Path:  C:\Keil_v5\ARM\ARMCC\Bin
C Compiler:      Armcc.exe V5.05 update 2 (build 169)
Assembler:       Armasm.exe V5.05 update 2 (build 169)
Linker/Locator:  ArmLink.exe V5.05 update 2 (build 169)
Library Manager: ArmAr.exe V5.05 update 2 (build 169)
Hex Converter:   FromElf.exe V5.05 update 2 (build 169)
CPU DLL:         SARMCM3.DLL V5.15.0
Dialog DLL:      DCM.DLL V1.13.2.0
Target DLL:      Segger\JL2CM3.dll V2.99.15.0
Dialog DLL:      TCM.DLL V1.14.5.0
 
<h2>Project:</h2>
E:\dell\Documents\STM32F4\步兵升级\4号车确定版\MDK-ARM\chassis.uvprojx
Project File Date:  07/20/2017

<h2>Output:</h2>
*** Using Compiler 'V5.05 update 2 (build 169)', folder: 'C:\Keil_v5\ARM\ARMCC\Bin'
Build target 'chassis'
compiling freertos.c...
compiling stm32f4xx_hal_msp.c...
compiling stm32f4xx_it.c...
compiling stm32f4xx_hal_timebase_TIM.c...
compiling can.c...
compiling dma.c...
compiling gpio.c...
compiling main.c...
compiling spi.c...
compiling usart.c...
compiling tim.c...
compiling gimbal.c...
compiling chassis.c...
bsp\chassis.c(372): warning:  #177-D: variable "i" was declared but never referenced
        int i=0;
bsp\chassis.c: 1 warning, 0 errors
compiling error_task.c...
compiling kb.c...
compiling system_stm32f4xx.c...
assembling startup_stm32f427xx.s...
compiling heap_4.c...
compiling cmsis_os.c...
compiling port.c...
compiling croutine.c...
compiling queue.c...
compiling tasks.c...
compiling timers.c...
compiling event_groups.c...
compiling list.c...
compiling stm32f4xx_hal_cortex.c...
compiling stm32f4xx_hal_uart.c...
compiling stm32f4xx_hal_flash.c...
compiling stm32f4xx_hal.c...
compiling stm32f4xx_hal_pwr_ex.c...
compiling stm32f4xx_hal_can.c...
compiling stm32f4xx_hal_rcc_ex.c...
compiling stm32f4xx_hal_tim_ex.c...
compiling stm32f4xx_hal_rcc.c...
compiling stm32f4xx_hal_gpio.c...
compiling stm32f4xx_hal_flash_ex.c...
compiling stm32f4xx_hal_dma_ex.c...
compiling stm32f4xx_hal_pwr.c...
compiling stm32f4xx_hal_dma.c...
compiling stm32f4xx_hal_tim.c...
compiling stm32f4xx_hal_flash_ramfunc.c...
compiling stm32f4xx_hal_spi.c...
compiling bsp_can.c...
compiling bsp_flash.c...
compiling bt.c...
compiling led.c...
compiling pid.c...
compiling mpu.c...
compiling ahrs.c...
compiling calibrate.c...
compiling judge_sys.c...
linking...
Program Size: Code=37756 RO-data=948 RW-data=668 ZI-data=22720  
FromELF: creating hex file...
After Build - User command #1: fromelf.exe --bin -o ./bin/infantry2.1.bin ./chassis/chassis.axf
"chassis\chassis.axf" - 0 Error(s), 1 Warning(s).

<h2>Software Packages used:</h2>

Package Vendor: ARM
                http://www.keil.com/pack/ARM.CMSIS.4.3.0.pack
                ARM::CMSIS:CORE:4.1.0
                CMSIS (Cortex Microcontroller Software Interface Standard)
   * Component: CORE Version: 4.1.0

<h2>Collection of Component include folders:</h2>
  E:\dell\Documents\STM32F4\步兵升级\4号车确定版\MDK-ARM\RTE
  C:\Keil_v5\ARM\PACK\ARM\CMSIS\4.3.0\CMSIS\Include
  C:\Keil_v5\ARM\PACK\Keil\STM32F4xx_DFP\2.9.0\Drivers\CMSIS\Device\ST\STM32F4xx\Include

<h2>Collection of Component Files used:</h2>

   * Component: ARM::CMSIS:CORE:4.1.0
</pre>
</body>
</html>
